$ vue-tsc --noEmit && vite build

(!) outDir /home/shawn/workspace2/scratchpads/directory-foundation-pnTxDL/public/assets is not inside project root and will not be emptied.
Use --emptyOutDir to override.

$ vite build --ssr src/ssr.ts
   Compiling directory v0.1.0 (/home/shawn/workspace2/scratchpads/directory-foundation-pnTxDL)
warning: methods `inertia_get` and `signed_request` are never used
   --> tests/common/mod.rs:78:18
    |
 42 | impl Client {
    | ----------- methods in this implementation
...
 78 |     pub async fn inertia_get(&mut self, path: &str) -> Response {
    |                  ^^^^^^^^^^^
...
116 |     pub async fn signed_request(
    |                  ^^^^^^^^^^^^^^
    |
    = note: `#[warn(dead_code)]` (part of `#[warn(unused)]`) on by default

warning: `directory` (test "foundation_ui") generated 1 warning
    Finished `test` profile [unoptimized] target(s) in 16.49s
     Running tests/foundation_ui.rs (/home/shawn/workspace2/suprnova-directory-starter/target/debug/deps/foundation_ui-7ede3543fe9eab09)

thread 'administration_requires_an_explicit_permission' (929143) panicked at tests/foundation_ui.rs:51:5:
assertion `left == right` failed
  left: None
 right: Some("/dashboard")
note: run with `RUST_BACKTRACE=1` environment variable to display a backtrace
error: test failed, to rerun pass `--test foundation_ui`
AssertionError [ERR_ASSERTION]: cargo failed (exit 101, signal none)

101 !== 0

    at run (file:///home/shawn/workspace2/suprnova-directory-starter/scripts/verify-foundation.mjs:28:10)
    at accounts (file:///home/shawn/workspace2/suprnova-directory-starter/scripts/verify-foundation.mjs:99:3)
    at Object.ui (file:///home/shawn/workspace2/suprnova-directory-starter/scripts/verify-foundation.mjs:111:15)
    at file:///home/shawn/workspace2/suprnova-directory-starter/scripts/verify-foundation.mjs:123:53
    at ModuleJob.run (node:internal/modules/esm/module_job:327:25)
    at async onImport.tracePromise.__proto__ (node:internal/modules/esm/loader:663:26)
    at async asyncRunEntryPointWithESMLoader (node:internal/modules/run_main:99:5)
