
[ui] bun install --frozen-lockfile
bun install v1.4.1 (4661e494f)

+ @playwright/test@1.63.0
+ @tailwindcss/forms@0.5.11
+ @tailwindcss/typography@0.5.20
+ @tailwindcss/vite@4.3.3
+ @types/node@24.13.3
+ @vitejs/plugin-vue@6.0.8
+ tailwindcss@4.3.3
+ typescript@6.0.3
+ vite@8.2.2
+ vue-tsc@3.3.11
+ @fluent/bundle@0.19.1
+ @inertiajs/vue3@3.7.0
+ @vuetify/v0@1.0.1
+ vue@3.5.42

81 packages installed [651.00ms]
[ui] command passed

[ui] bun run build
$ vue-tsc --noEmit && vite build
vite v8.2.2 building client environment for production...
transforming...
✓ 689 modules transformed.

(!) outDir /home/shawn/workspace2/scratchpads/directory-foundation-KdK6KT/public/assets is not inside project root and will not be emptied.
Use --emptyOutDir to override.

rendering chunks...
computing gzip size...
../public/assets/.vite/manifest.json         0.18 kB │ gzip:   0.14 kB
../public/assets/assets/main--veh0MIi.css   58.24 kB │ gzip:  10.01 kB
../public/assets/assets/main-CH19Nr_2.js   380.96 kB │ gzip: 120.28 kB

✓ built in 884ms
[ui] command passed

[ui] bun run build:ssr
$ vite build --ssr src/ssr.ts
vite v8.2.2 building ssr environment for production...
transforming...
✓ 76 modules transformed.
rendering chunks...
computing gzip size...
bootstrap/ssr/ssr.js  195.10 kB │ gzip: 31.71 kB

✓ built in 483ms
[ui] command passed

[ui] cargo test --locked --test foundation_ui -- --nocapture
   Compiling directory v0.1.0 (/home/shawn/workspace2/scratchpads/directory-foundation-KdK6KT)
warning: methods `inertia_get` and `signed_request` are never used
   --> tests/common/mod.rs:78:18
    |
 42 | impl Client {
    | ----------- methods in this implementation
...
 78 |     pub async fn inertia_get(&mut self, path: &str) -> Response {
    |                  ^^^^^^^^^^^
...
116 |     pub async fn signed_request(
    |                  ^^^^^^^^^^^^^^
    |
    = note: `#[warn(dead_code)]` (part of `#[warn(unused)]`) on by default

warning: `directory` (test "foundation_ui") generated 1 warning
    Finished `test` profile [unoptimized] target(s) in 16.59s
     Running tests/foundation_ui.rs (/home/shawn/workspace2/suprnova-directory-starter/target/debug/deps/foundation_ui-7ede3543fe9eab09)

running 1 test
--> GET /admin
<-- Request complete
--> GET /login
<-- Request complete
--> POST /login
<-- Request complete
--> GET /admin
<-- Request complete
--> GET /admin
<-- Request complete
--> GET /login
<-- Request complete
--> POST /login
<-- Request complete
--> GET /admin
<-- Request complete
--> POST /logout
<-- Request complete
test administration_requires_an_explicit_permission ... ok

test result: ok. 1 passed; 0 failed; 0 ignored; 0 measured; 0 filtered out; finished in 1.72s

[ui] command passed

[ui] node scripts/with-ssr.mjs node frontend/tests/foundation-ui.mjs
Public/admin rendering, permission denial, keyboard dialogs and shared branding passed.
[ui] command passed
cairn: FND-004: pass
