
[ui] bun install --frozen-lockfile
bun install v1.4.1 (4661e494f)

+ @playwright/test@1.63.0
+ @tailwindcss/forms@0.5.11
+ @tailwindcss/typography@0.5.20
+ @tailwindcss/vite@4.3.3
+ @types/node@24.13.3
+ @vitejs/plugin-vue@6.0.8
+ tailwindcss@4.3.3
+ typescript@6.0.3
+ vite@8.2.2
+ vue-tsc@3.3.11
+ @fluent/bundle@0.19.1
+ @inertiajs/vue3@3.7.0
+ @vuetify/v0@1.0.1
+ vue@3.5.42

81 packages installed [859.00ms]
[ui] command passed

[ui] bun run build
$ vue-tsc --noEmit && vite build
vite v8.2.2 building client environment for production...
transforming...
✓ 700 modules transformed.

(!) outDir /home/shawn/workspace2/scratchpads/directory-foundation-2djm25/public/assets is not inside project root and will not be emptied.
Use --emptyOutDir to override.

rendering chunks...
computing gzip size...
../public/assets/.vite/manifest.json         0.18 kB │ gzip:   0.14 kB
../public/assets/assets/main-C0-3uP-e.css   61.83 kB │ gzip:  10.62 kB
../public/assets/assets/main-DLRiDWOJ.js   396.04 kB │ gzip: 125.57 kB

✓ built in 848ms
[ui] command passed

[ui] bun run build:ssr
$ vite build --ssr src/ssr.ts
vite v8.2.2 building ssr environment for production...
transforming...
✓ 85 modules transformed.
rendering chunks...
computing gzip size...
bootstrap/ssr/ssr.js  208.74 kB │ gzip: 34.18 kB

✓ built in 379ms
[ui] command passed

[ui] cargo test --locked --test foundation_ui -- --nocapture
   Compiling directory v0.1.0 (/home/shawn/workspace2/scratchpads/directory-foundation-2djm25)
warning: methods `inertia_get` and `signed_request` are never used
   --> tests/common/mod.rs:78:18
    |
 42 | impl Client {
    | ----------- methods in this implementation
...
 78 |     pub async fn inertia_get(&mut self, path: &str) -> Response {
    |                  ^^^^^^^^^^^
...
116 |     pub async fn signed_request(
    |                  ^^^^^^^^^^^^^^
    |
    = note: `#[warn(dead_code)]` (part of `#[warn(unused)]`) on by default

warning: `directory` (test "foundation_ui") generated 1 warning
    Finished `test` profile [unoptimized] target(s) in 21.55s
     Running tests/foundation_ui.rs (/home/shawn/workspace2/suprnova-directory-starter/target/debug/deps/foundation_ui-7ede3543fe9eab09)

running 1 test
--> GET /admin
<-- Request complete
--> GET /login
<-- Request complete
--> POST /login
<-- Request complete
--> GET /admin
<-- Request complete
--> GET /admin
<-- Request complete
--> GET /login
<-- Request complete
--> POST /login
<-- Request complete
--> GET /admin
<-- Request complete

thread 'administration_requires_an_explicit_permission' (3720131) panicked at tests/foundation_ui.rs:93:5:
assertion `left == right` failed: {"message":"Verify your email before changing listings.","request_id":"45fad298-cc6b-4afe-8724-7af0edc26624"}
  left: 403
 right: 200
note: run with `RUST_BACKTRACE=1` environment variable to display a backtrace
test administration_requires_an_explicit_permission ... FAILED

failures:

failures:
    administration_requires_an_explicit_permission

test result: FAILED. 0 passed; 1 failed; 0 ignored; 0 measured; 0 filtered out; finished in 1.89s

error: test failed, to rerun pass `--test foundation_ui`
AssertionError [ERR_ASSERTION]: cargo failed (exit 101, signal none)

101 !== 0

    at run (file:///home/shawn/workspace2/suprnova-directory-starter/scripts/verify-foundation.mjs:28:10)
    at accounts (file:///home/shawn/workspace2/suprnova-directory-starter/scripts/verify-foundation.mjs:99:3)
    at Object.ui (file:///home/shawn/workspace2/suprnova-directory-starter/scripts/verify-foundation.mjs:111:15)
    at file:///home/shawn/workspace2/suprnova-directory-starter/scripts/verify-foundation.mjs:123:53
    at ModuleJob.run (node:internal/modules/esm/module_job:327:25)
    at async onImport.tracePromise.__proto__ (node:internal/modules/esm/loader:663:26)
    at async asyncRunEntryPointWithESMLoader (node:internal/modules/run_main:99:5)
cairn: FND-004: fail
