$ vue-tsc --noEmit && vite build

(!) outDir /home/shawn/workspace2/scratchpads/directory-foundation-84rySI/public/assets is not inside project root and will not be emptied.
Use --emptyOutDir to override.

$ vite build --ssr src/ssr.ts
   Compiling directory v1.0.0 (/home/shawn/workspace2/scratchpads/directory-foundation-84rySI)
warning: methods `inertia_get` and `signed_request` are never used
   --> tests/common/mod.rs:78:18
    |
 42 | impl Client {
    | ----------- methods in this implementation
...
 78 |     pub async fn inertia_get(&mut self, path: &str) -> Response {
    |                  ^^^^^^^^^^^
...
116 |     pub async fn signed_request(
    |                  ^^^^^^^^^^^^^^
    |
    = note: `#[warn(dead_code)]` (part of `#[warn(unused)]`) on by default

warning: `directory` (test "foundation_ui") generated 1 warning
    Finished `test` profile [unoptimized] target(s) in 20.41s
     Running tests/foundation_ui.rs (/home/shawn/workspace2/suprnova-directory-starter/target/debug/deps/foundation_ui-d322829bd7f7fceb)
