$ vue-tsc --noEmit && vite build

(!) outDir /home/shawn/workspace2/scratchpads/directory-foundation-532DNr/public/assets is not inside project root and will not be emptied.
Use --emptyOutDir to override.

   Compiling directory v0.1.0 (/home/shawn/workspace2/scratchpads/directory-foundation-532DNr)
warning: methods `inertia_get` and `signed_request` are never used
   --> tests/common/mod.rs:76:18
    |
 40 | impl Client {
    | ----------- methods in this implementation
...
 76 |     pub async fn inertia_get(&mut self, path: &str) -> Response {
    |                  ^^^^^^^^^^^
...
114 |     pub async fn signed_request(
    |                  ^^^^^^^^^^^^^^
    |
    = note: `#[warn(dead_code)]` (part of `#[warn(unused)]`) on by default

warning: `directory` (test "foundation_ui") generated 1 warning
    Finished `test` profile [unoptimized] target(s) in 14.10s
     Running tests/foundation_ui.rs (/home/shawn/workspace2/suprnova-directory-starter/target/debug/deps/foundation_ui-7ede3543fe9eab09)
