[adoption] cargo fmt --check
[adoption] cargo build --locked --bins
   Compiling directory v0.1.0 (/home/shawn/workspace2/scratchpads/directory-complete-MuWVkL)
    Finished `dev` profile [unoptimized] target(s) in 16.37s
[adoption] bun install --frozen-lockfile --cwd frontend
bun install v1.4.1 (4661e494f)

+ @playwright/test@1.63.0
+ @tailwindcss/forms@0.5.11
+ @tailwindcss/typography@0.5.20
+ @tailwindcss/vite@4.3.3
+ @types/node@24.13.3
+ @vitejs/plugin-vue@6.0.8
+ tailwindcss@4.3.3
+ typescript@6.0.3
+ vite@8.2.2
+ vue-tsc@3.3.11
+ @fluent/bundle@0.19.1
+ @inertiajs/vue3@3.7.0
+ @vuetify/v0@1.0.1
+ vue@3.5.42

81 packages installed [671.00ms]
[adoption] bun run --cwd frontend build
$ vue-tsc --noEmit && vite build
vite v8.2.2 building client environment for production...
transforming...
✓ 706 modules transformed.

(!) outDir /home/shawn/workspace2/scratchpads/directory-complete-MuWVkL/public/assets is not inside project root and will not be emptied.
Use --emptyOutDir to override.

rendering chunks...
computing gzip size...
../public/assets/.vite/manifest.json         0.18 kB │ gzip:   0.14 kB
../public/assets/assets/main-CV_P36Z-.css   63.62 kB │ gzip:  10.85 kB
../public/assets/assets/main-BCXZYtW9.js   413.10 kB │ gzip: 129.92 kB

✓ built in 493ms
[adoption] bun run --cwd frontend build:ssr
$ vite build --ssr src/ssr.ts
vite v8.2.2 building ssr environment for production...
transforming...
✓ 91 modules transformed.
rendering chunks...
computing gzip size...
bootstrap/ssr/ssr.js  233.52 kB │ gzip: 38.32 kB

✓ built in 240ms
[adoption] cargo test --locked --test demo_seed -- --nocapture
   Compiling directory v0.1.0 (/home/shawn/workspace2/scratchpads/directory-complete-MuWVkL)
    Finished `test` profile [unoptimized] target(s) in 1.54s
     Running tests/demo_seed.rs (/home/shawn/workspace2/suprnova-directory-starter/target/debug/deps/demo_seed-e557197cd524acdb)

running 5 tests
test reserved_account_and_category_collisions_refuse_without_partial_writes ... ok
test production_requires_override_even_after_successful_seed ... ok
test concurrent_console_seeds_share_one_fixture_set ... ok
test console_seed_is_repeatable_and_preserves_operator_and_demo_credentials ... ok
test late_write_failure_rolls_back_and_retry_succeeds ... ok

test result: ok. 5 passed; 0 failed; 0 ignored; 0 measured; 0 filtered out; finished in 1.29s

[adoption] node scripts/verify-adoption-install.mjs
[adoption install] cargo run
[adoption install] python3 -c
[adoption install] cargo run
[adoption install] python3 -c
[adoption install] bash -euc
[adoption install] python3 -c
[adoption install] bash -euc
[adoption install] python3 -c
[adoption install] python3 -c
[adoption install] cargo run
[adoption install] cargo run
[adoption install] cargo run
[adoption install] cargo run
[adoption install] cargo run
[adoption install] cargo run
[adoption install] cargo run
[adoption install] cargo run
[adoption install] bash -euc
[adoption install] python3 -c
[adoption install] bash -euc
[adoption install] bash -euc
[adoption install] python3 -c
[adoption install] cargo run
[adoption install] cargo run
[adoption install] bash -euc
Documented migrations, seeds, operator commands and SQLite/media/key restoration passed.
[adoption] node scripts/with-ssr.mjs cargo test --locked --test adoption_workflows -- --nocapture
   Compiling directory v0.1.0 (/home/shawn/workspace2/scratchpads/directory-complete-MuWVkL)
    Finished `test` profile [unoptimized] target(s) in 2.05s
     Running tests/adoption_workflows.rs (/home/shawn/workspace2/suprnova-directory-starter/target/debug/deps/adoption_workflows-476684cfa1870458)

running 4 tests
test configuration_probe ... ok
test storage_probe ... ok
test configuration_and_storage_contract ... ok
--> GET /login
<-- Request complete
--> POST /login
<-- Request complete
--> GET /dashboard/listings/1/edit
<-- Request complete
--> GET /login
<-- Request complete
--> POST /login
<-- Request complete
--> GET /dashboard/listings/1/edit
<-- Request complete
Moderation/payment intents, rollback, replay, restart, captured mail, retry limits, leases and private bounded owner history passed.
test adoption_workflows_contract ... ok

test result: ok. 4 passed; 0 failed; 0 ignored; 0 measured; 0 filtered out; finished in 3.68s

[adoption] node scripts/with-ssr.mjs node frontend/tests/adoption-workflows.mjs
Configured public/admin branding, initial metadata without JavaScript, escaped durable owner notification history and mobile journeys passed.
cairn: KIT-001: pass
cairn: KIT-002: pass
cairn: KIT-003: pass
cairn: KIT-004: pass
cairn: KIT-005: pass
