   Compiling directory v0.1.0 (/home/shawn/workspace2/scratchpads/directory-complete-yoGnSE)
    Finished `dev` profile [unoptimized] target(s) in 14.62s
$ vue-tsc --noEmit && vite build

(!) outDir /home/shawn/workspace2/scratchpads/directory-complete-yoGnSE/public/assets is not inside project root and will not be emptied.
Use --emptyOutDir to override.

$ vite build --ssr src/ssr.ts
   Compiling directory v0.1.0 (/home/shawn/workspace2/scratchpads/directory-complete-yoGnSE)
    Finished `test` profile [unoptimized] target(s) in 1.81s
     Running tests/overview_workflows.rs (/home/shawn/workspace2/suprnova-directory-starter/target/debug/deps/overview_workflows-0608f435d237b77c)

thread 'overview_workflows_contract' (3387642) panicked at tests/overview_workflows.rs:312:5:
assertion `left == right` failed
  left: Null
 right: Object {"published": Number(0), "awaiting_review": Number(0), "total": Number(0)}
note: run with `RUST_BACKTRACE=1` environment variable to display a backtrace
error: test failed, to rerun pass `--test overview_workflows`
AssertionError [ERR_ASSERTION]: Verification command exited 101

101 !== 0

    at file:///home/shawn/workspace2/scratchpads/directory-complete-yoGnSE/scripts/with-ssr.mjs:45:10
    at process.processTicksAndRejections (node:internal/process/task_queues:105:5)
Starting SSR server on port 37895...
Inertia SSR server started.

AssertionError [ERR_ASSERTION]: node exited 1 (signal none)

1 !== 0

    at run (file:///home/shawn/workspace2/suprnova-directory-starter/scripts/verify-complete-starter.mjs:27:10)
    at file:///home/shawn/workspace2/suprnova-directory-starter/scripts/verify-complete-starter.mjs:51:3
    at ModuleJob.run (node:internal/modules/esm/module_job:327:25)
    at async onImport.tracePromise.__proto__ (node:internal/modules/esm/loader:663:26)
    at async asyncRunEntryPointWithESMLoader (node:internal/modules/run_main:99:5)
