[overview] cargo fmt --check
[overview] cargo build --locked --bins
   Compiling directory v0.1.0 (/home/shawn/workspace2/scratchpads/directory-complete-yoGnSE)
    Finished `dev` profile [unoptimized] target(s) in 14.62s
[overview] bun install --frozen-lockfile --cwd frontend
bun install v1.4.1 (4661e494f)

+ @playwright/test@1.63.0
+ @tailwindcss/forms@0.5.11
+ @tailwindcss/typography@0.5.20
+ @tailwindcss/vite@4.3.3
+ @types/node@24.13.3
+ @vitejs/plugin-vue@6.0.8
+ tailwindcss@4.3.3
+ typescript@6.0.3
+ vite@8.2.2
+ vue-tsc@3.3.11
+ @fluent/bundle@0.19.1
+ @inertiajs/vue3@3.7.0
+ @vuetify/v0@1.0.1
+ vue@3.5.42

81 packages installed [114.00ms]
[overview] bun run --cwd frontend build
$ vue-tsc --noEmit && vite build
vite v8.2.2 building client environment for production...
transforming...
✓ 698 modules transformed.

(!) outDir /home/shawn/workspace2/scratchpads/directory-complete-yoGnSE/public/assets is not inside project root and will not be emptied.
Use --emptyOutDir to override.

rendering chunks...
computing gzip size...
../public/assets/.vite/manifest.json         0.18 kB │ gzip:   0.14 kB
../public/assets/assets/main-CINVKWDK.css   59.76 kB │ gzip:  10.30 kB
../public/assets/assets/main-DWF8h750.js   392.61 kB │ gzip: 124.73 kB

✓ built in 874ms
[overview] bun run --cwd frontend build:ssr
$ vite build --ssr src/ssr.ts
vite v8.2.2 building ssr environment for production...
transforming...
✓ 83 modules transformed.
rendering chunks...
computing gzip size...
bootstrap/ssr/ssr.js  201.52 kB │ gzip: 33.13 kB

✓ built in 376ms
[overview] node scripts/with-ssr.mjs cargo test --locked --test overview_workflows -- --nocapture
   Compiling directory v0.1.0 (/home/shawn/workspace2/scratchpads/directory-complete-yoGnSE)
    Finished `test` profile [unoptimized] target(s) in 1.81s
     Running tests/overview_workflows.rs (/home/shawn/workspace2/suprnova-directory-starter/target/debug/deps/overview_workflows-0608f435d237b77c)

running 1 test
--> GET /login
<-- Request complete
--> POST /login
<-- Request complete
--> GET /admin
<-- Request complete

thread 'overview_workflows_contract' (3387642) panicked at tests/overview_workflows.rs:312:5:
assertion `left == right` failed
  left: Null
 right: Object {"published": Number(0), "awaiting_review": Number(0), "total": Number(0)}
note: run with `RUST_BACKTRACE=1` environment variable to display a backtrace
test overview_workflows_contract ... FAILED

failures:

failures:
    overview_workflows_contract

test result: FAILED. 0 passed; 1 failed; 0 ignored; 0 measured; 0 filtered out; finished in 1.91s

error: test failed, to rerun pass `--test overview_workflows`
AssertionError [ERR_ASSERTION]: Verification command exited 101

101 !== 0

    at file:///home/shawn/workspace2/scratchpads/directory-complete-yoGnSE/scripts/with-ssr.mjs:45:10
    at process.processTicksAndRejections (node:internal/process/task_queues:105:5)
Starting SSR server on port 37895...
Inertia SSR server started.

AssertionError [ERR_ASSERTION]: node exited 1 (signal none)

1 !== 0

    at run (file:///home/shawn/workspace2/suprnova-directory-starter/scripts/verify-complete-starter.mjs:27:10)
    at file:///home/shawn/workspace2/suprnova-directory-starter/scripts/verify-complete-starter.mjs:51:3
    at ModuleJob.run (node:internal/modules/esm/module_job:327:25)
    at async onImport.tracePromise.__proto__ (node:internal/modules/esm/loader:663:26)
    at async asyncRunEntryPointWithESMLoader (node:internal/modules/run_main:99:5)
cairn: OVR-001: fail
cairn: OVR-002: fail
cairn: OVR-003: fail
