[seo] cargo fmt --check
[seo] cargo build --locked --bins
   Compiling directory v0.1.0 (/home/shawn/workspace2/scratchpads/directory-complete-luNM6X)
    Finished `dev` profile [unoptimized] target(s) in 22.39s
[seo] bun install --frozen-lockfile --cwd frontend
bun install v1.4.1 (4661e494f)

+ @playwright/test@1.63.0
+ @tailwindcss/forms@0.5.11
+ @tailwindcss/typography@0.5.20
+ @tailwindcss/vite@4.3.3
+ @types/node@24.13.3
+ @vitejs/plugin-vue@6.0.8
+ tailwindcss@4.3.3
+ typescript@6.0.3
+ vite@8.2.2
+ vue-tsc@3.3.11
+ @fluent/bundle@0.19.1
+ @inertiajs/vue3@3.7.0
+ @vuetify/v0@1.0.1
+ vue@3.5.42

81 packages installed [790.00ms]
[seo] bun run --cwd frontend build
$ vue-tsc --noEmit && vite build
vite v8.2.2 building client environment for production...
transforming...
✓ 700 modules transformed.

(!) outDir /home/shawn/workspace2/scratchpads/directory-complete-luNM6X/public/assets is not inside project root and will not be emptied.
Use --emptyOutDir to override.

rendering chunks...
computing gzip size...
../public/assets/.vite/manifest.json         0.18 kB │ gzip:   0.14 kB
../public/assets/assets/main-C0-3uP-e.css   61.83 kB │ gzip:  10.62 kB
../public/assets/assets/main-DLRiDWOJ.js   396.04 kB │ gzip: 125.57 kB

✓ built in 727ms
[seo] bun run --cwd frontend build:ssr
$ vite build --ssr src/ssr.ts
vite v8.2.2 building ssr environment for production...
transforming...
✓ 85 modules transformed.
rendering chunks...
computing gzip size...
bootstrap/ssr/ssr.js  208.74 kB │ gzip: 34.18 kB

✓ built in 596ms
[seo] node scripts/with-ssr.mjs cargo test --locked --test seo_workflows -- --nocapture
   Compiling directory v0.1.0 (/home/shawn/workspace2/scratchpads/directory-complete-luNM6X)
    Finished `test` profile [unoptimized] target(s) in 2.22s
     Running tests/seo_workflows.rs (/home/shawn/workspace2/suprnova-directory-starter/target/debug/deps/seo_workflows-c6a5ba4683a30b4d)

running 1 test
--> GET /login
<-- Request complete
--> POST /login
<-- Request complete
--> GET /admin/seo
<-- Request complete

thread 'seo_workflows_contract' (196051) panicked at tests/seo_workflows.rs:42:5:
assertion `left == right` failed: SEO settings must be available to the full administrator: 404 Not Found
  left: 404
 right: 200
note: run with `RUST_BACKTRACE=1` environment variable to display a backtrace
test seo_workflows_contract ... FAILED

failures:

failures:
    seo_workflows_contract

test result: FAILED. 0 passed; 1 failed; 0 ignored; 0 measured; 0 filtered out; finished in 0.98s

error: test failed, to rerun pass `--test seo_workflows`
AssertionError [ERR_ASSERTION]: Verification command exited 101

101 !== 0

    at file:///home/shawn/workspace2/scratchpads/directory-complete-luNM6X/scripts/with-ssr.mjs:45:10
    at process.processTicksAndRejections (node:internal/process/task_queues:105:5)
Starting SSR server on port 38085...
Inertia SSR server started.

AssertionError [ERR_ASSERTION]: node exited 1 (signal none)

1 !== 0

    at run (file:///home/shawn/workspace2/suprnova-directory-starter/scripts/verify-complete-starter.mjs:28:10)
    at file:///home/shawn/workspace2/suprnova-directory-starter/scripts/verify-complete-starter.mjs:52:3
    at ModuleJob.run (node:internal/modules/esm/module_job:327:25)
    at async onImport.tracePromise.__proto__ (node:internal/modules/esm/loader:663:26)
    at async asyncRunEntryPointWithESMLoader (node:internal/modules/run_main:99:5)
cairn: SEO-001: fail
cairn: SEO-002: fail
cairn: SEO-003: fail
cairn: SEO-004: fail
cairn: SEO-005: fail
cairn: SEO-006: fail
