[appearance] cargo fmt --check
[appearance] cargo build --locked --bins
   Compiling directory v0.1.0 (/home/shawn/workspace2/scratchpads/directory-complete-3onxYF)
    Finished `dev` profile [unoptimized] target(s) in 40.73s
[appearance] bun install --frozen-lockfile --cwd frontend
bun install v1.4.1 (4661e494f)

+ @playwright/test@1.63.0
+ @tailwindcss/forms@0.5.11
+ @tailwindcss/typography@0.5.20
+ @tailwindcss/vite@4.3.3
+ @types/node@24.13.3
+ @vitejs/plugin-vue@6.0.8
+ tailwindcss@4.3.3
+ typescript@6.0.3
+ vite@8.2.2
+ vue-tsc@3.3.11
+ @fluent/bundle@0.19.1
+ @inertiajs/vue3@3.7.0
+ @vuetify/v0@1.0.1
+ vue@3.5.42

81 packages installed [1153.00ms]
[appearance] bun run --cwd frontend build
$ vue-tsc --noEmit && vite build
vite v8.2.2 building client environment for production...
transforming...
✓ 700 modules transformed.

(!) outDir /home/shawn/workspace2/scratchpads/directory-complete-3onxYF/public/assets is not inside project root and will not be emptied.
Use --emptyOutDir to override.

rendering chunks...
computing gzip size...
../public/assets/.vite/manifest.json         0.18 kB │ gzip:   0.14 kB
../public/assets/assets/main-C0-3uP-e.css   61.83 kB │ gzip:  10.62 kB
../public/assets/assets/main-DLRiDWOJ.js   396.04 kB │ gzip: 125.57 kB

✓ built in 1.23s
[appearance] bun run --cwd frontend build:ssr
$ vite build --ssr src/ssr.ts
vite v8.2.2 building ssr environment for production...
transforming...
✓ 85 modules transformed.
rendering chunks...
computing gzip size...
bootstrap/ssr/ssr.js  208.74 kB │ gzip: 34.18 kB

✓ built in 704ms
[appearance] cargo test --locked --lib appearance_tests
   Compiling directory v0.1.0 (/home/shawn/workspace2/scratchpads/directory-complete-3onxYF)
    Finished `test` profile [unoptimized] target(s) in 17.51s
     Running unittests src/lib.rs (/home/shawn/workspace2/suprnova-directory-starter/target/debug/deps/directory-3c24bf58db703432)

running 2 tests
test config::site::appearance_tests::appearance_cookie_is_bounded_and_exact ... ok
test config::site::appearance_tests::presets_are_optional_and_validated ... ok

test result: ok. 2 passed; 0 failed; 0 ignored; 0 measured; 23 filtered out; finished in 0.00s

[appearance] node scripts/with-ssr.mjs cargo test --locked --test adoption_workflows adoption_workflows_contract -- --exact --nocapture
   Compiling directory v0.1.0 (/home/shawn/workspace2/scratchpads/directory-complete-3onxYF)
    Finished `test` profile [unoptimized] target(s) in 3.09s
     Running tests/adoption_workflows.rs (/home/shawn/workspace2/suprnova-directory-starter/target/debug/deps/adoption_workflows-c50a0329227f3e70)

running 1 test
--> GET /login
<-- Request complete
--> POST /login
<-- Request complete
--> GET /dashboard/listings/1/edit
<-- Request complete
--> GET /login
<-- Request complete
--> POST /login
<-- Request complete
--> GET /dashboard/listings/1/edit
<-- Request complete
Moderation/payment intents, rollback, replay, restart, captured mail, retry limits, leases and private bounded owner history passed.
test adoption_workflows_contract ... ok

test result: ok. 1 passed; 0 failed; 0 ignored; 0 measured; 3 filtered out; finished in 2.31s

[appearance] /home/shawn/workspace2/suprnova-directory-starter/target/debug/console directory:demo
Demo content created. Synthetic entitlements are demonstration data; no payment was made. The demo owner has no usable supplied password or administrative permissions.
[appearance] node scripts/with-ssr.mjs node frontend/tests/appearance.mjs
Checking zinc in public/admin light and dark modes
Checking blue in public/admin light and dark modes
Checking indigo in public/admin light and dark modes
Checking violet in public/admin light and dark modes
Checking emerald in public/admin light and dark modes
Checking teal in public/admin light and dark modes
Checking rose in public/admin light and dark modes
Checking orange in public/admin light and dark modes
Blank/custom accent, eight presets, light/dark contrast, keyboard switch, reload/navigation, mobile shells and isolated no-JavaScript SSR passed.
cairn: UI-001: pass
cairn: UI-002: pass
