[payments] cargo fmt --check
[payments] cargo build --locked --bins
   Compiling directory v0.1.0 (/home/shawn/workspace2/scratchpads/directory-paid-4yEb2C)
    Finished `dev` profile [unoptimized] target(s) in 12.79s
[payments] bun install --frozen-lockfile --cwd frontend
bun install v1.4.1 (4661e494f)

+ @playwright/test@1.63.0
+ @tailwindcss/forms@0.5.11
+ @tailwindcss/typography@0.5.20
+ @tailwindcss/vite@4.3.3
+ @types/node@24.13.3
+ @vitejs/plugin-vue@6.0.8
+ tailwindcss@4.3.3
+ typescript@6.0.3
+ vite@8.2.2
+ vue-tsc@3.3.11
+ @fluent/bundle@0.19.1
+ @inertiajs/vue3@3.7.0
+ @vuetify/v0@1.0.1
+ vue@3.5.42

81 packages installed [120.00ms]
[payments] bun run --cwd frontend build
$ vue-tsc --noEmit && vite build
vite v8.2.2 building client environment for production...
transforming...
✓ 683 modules transformed.

(!) outDir /home/shawn/workspace2/scratchpads/directory-paid-4yEb2C/public/assets is not inside project root and will not be emptied.
Use --emptyOutDir to override.

rendering chunks...
computing gzip size...
../public/assets/.vite/manifest.json         0.18 kB │ gzip:   0.13 kB
../public/assets/assets/main--veh0MIi.css   58.24 kB │ gzip:  10.01 kB
../public/assets/assets/main-CXYhcMJv.js   371.27 kB │ gzip: 118.41 kB

✓ built in 677ms
[payments] bun run --cwd frontend build:ssr
$ vite build --ssr src/ssr.ts
vite v8.2.2 building ssr environment for production...
transforming...
✓ 70 modules transformed.
rendering chunks...
computing gzip size...
bootstrap/ssr/ssr.js  179.22 kB │ gzip: 29.85 kB

✓ built in 379ms
[payments] cargo test --locked --lib billing:: -- --nocapture
   Compiling directory v0.1.0 (/home/shawn/workspace2/scratchpads/directory-paid-4yEb2C)
    Finished `test` profile [unoptimized] target(s) in 10.05s
     Running unittests src/lib.rs (/home/shawn/workspace2/suprnova-directory-starter/target/debug/deps/directory-3c24bf58db703432)

running 19 tests
test billing::paddle_evidence::tests::cancellation_only_supplies_end_boundaries ... ok
test billing::paddle_evidence::tests::completed_capture_and_inclusive_tax ... ok
test billing::paddle_evidence::tests::recurring_requires_transaction_period_and_bound_subscription ... ok
test billing::paddle_evidence::tests::sdk_adjusted_totals_round_trip_retains_required_evidence ... ok
test billing::stripe_evidence_tests::dispute_states_require_same_charge_and_report_current_resolution ... ok
test billing::paddle_evidence::tests::reversal_matches_paid_item_not_unique_adjustment_item_id ... ok
test billing::stripe_evidence_tests::foreign_local_payment_row_cannot_supply_refund_or_dispute_evidence ... ok
test billing::stripe_evidence_tests::one_time_paid_checkout_preserves_actual_total_and_never_expires ... ok
test billing::paddle_evidence::tests::rejects_foreign_or_incomplete_capture ... ok
test billing::paddle_evidence::tests::refunds_accumulate_and_duplicate_ids_do_not_double_count ... ok
test billing::paddle_evidence::tests::reversal_never_clears_an_unrelated_dispute ... ok
test billing::stripe_evidence_tests::recurring_paid_invoice_uses_its_own_period_and_capture ... ok
test billing::stripe_evidence_tests::recurring_requires_explicit_non_prorated_line_evidence ... ok
test billing::stripe_evidence_tests::recurring_supports_current_invoice_parent_and_payment_shapes ... ok
test billing::stripe_evidence_tests::scheduled_cancellation_preserves_access_until_effective_end ... ok
test billing::stripe_evidence_tests::recurring_rejects_duplicate_period_lines_and_incomplete_or_unpaid_evidence ... ok
test billing::stripe_evidence_tests::one_time_rejects_foreign_terms_and_unsettled_checkout ... ok
test billing::stripe_evidence_tests::refunds_report_cumulative_amount_and_validate_original_payment ... ok
test billing::settings::tests::constructor_failure_preserves_configuration ... ok

test result: ok. 19 passed; 0 failed; 0 ignored; 0 measured; 4 filtered out; finished in 0.15s

[payments] cargo test --locked --test payment_sdk_wire -- --nocapture
   Compiling directory v0.1.0 (/home/shawn/workspace2/scratchpads/directory-paid-4yEb2C)
    Finished `test` profile [unoptimized] target(s) in 1.73s
     Running tests/payment_sdk_wire.rs (/home/shawn/workspace2/suprnova-directory-starter/target/debug/deps/payment_sdk_wire-d682b9108d4bbb96)

running 6 tests
test unsupported_and_invalid_references_never_reach_http ... ok
test stripe_checkout_expands_and_preserves_paid_line_evidence ... ok
test stripe_invoice_expands_payments_and_keeps_modern_subscription_and_period_fields ... ok
test paddle_transaction_keeps_capture_and_adjusted_totals_through_typed_sdk ... ok
test paddle_complete_adjustments_preserve_new_reversal_enum_and_item_ids ... ok
test stripe_disputes_fetch_every_page_with_charge_filter_and_cursor ... ok

test result: ok. 6 passed; 0 failed; 0 ignored; 0 measured; 0 filtered out; finished in 0.00s

[payments] node scripts/with-ssr.mjs cargo test --locked --test paid_lifecycle -- --nocapture
   Compiling directory v0.1.0 (/home/shawn/workspace2/scratchpads/directory-paid-4yEb2C)
    Finished `test` profile [unoptimized] target(s) in 2.42s
     Running tests/paid_lifecycle.rs (/home/shawn/workspace2/suprnova-directory-starter/target/debug/deps/paid_lifecycle-d3539375af6f841a)

running 2 tests
test browser::serve_paid_browser_fixture ... ignored, Started only by the paid browser verifier
--> GET /login
<-- Request complete
--> POST /login
<-- Request complete
--> GET /login
<-- Request complete
--> POST /login
<-- Request complete
--> GET /login
<-- Request complete
--> POST /login
<-- Request complete
--> GET /login
<-- Request complete
--> POST /login
<-- Request complete
--> GET /login
<-- Request complete
--> POST /admin/plans
<-- Request complete
--> POST /admin/plans
<-- Request complete
--> POST /admin/plans
<-- Request complete
--> POST /admin/plans
<-- Request complete
--> POST /admin/plans
<-- Request complete
--> POST /admin/plans
<-- Request complete
--> POST /admin/plans
<-- Request complete
--> POST /admin/plans
<-- Request complete
--> POST /admin/plans
<-- Request complete
--> POST /admin/plans
<-- Request complete
--> POST /admin/plans
<-- Request complete
--> POST /dashboard/listings
<-- Request complete
--> POST /dashboard/listings/1/checkout
<-- Request complete
--> POST /dashboard/listings/1/checkout
<-- Request complete
--> POST /dashboard/listings
<-- Request complete
--> POST /dashboard/listings/2/submit
<-- Request complete
--> POST /dashboard/listings/2/checkout
<-- Request complete
--> POST /dashboard/listings/2/checkout
<-- Request complete
--> POST /admin/listings/2/decision
<-- Request complete
--> POST /dashboard/listings/2/checkout
<-- Request complete
--> POST /dashboard/listings/2/checkout
<-- Request complete
--> POST /dashboard/listings/1/submit
<-- Request complete
--> POST /admin/listings/1/decision
<-- Request complete
--> POST /admin/plans
<-- Request complete
--> POST /admin/plans
<-- Request complete
--> POST /dashboard/listings/1/checkout
<-- Request complete
--> POST /dashboard/listings/1/checkout
<-- Request complete
--> POST /dashboard/listings/1/checkout
<-- Request complete
--> POST /dashboard/listings/1/checkout
<-- Request complete
--> POST /dashboard/listings/1/checkout
<-- Request complete
--> POST /dashboard/listings/1/checkout
<-- Request complete
--> POST /dashboard/listings/1/checkout
<-- Request complete
--> POST /dashboard/listings/1/checkout
<-- Request complete
--> POST /dashboard/listings/1/checkout
<-- Request complete
--> POST /dashboard/listings/1/checkout
<-- Request complete
--> POST /dashboard/listings/1/checkout
<-- Request complete
--> POST /dashboard/listings/1/checkout
<-- Request complete
--> POST /dashboard/listings/1/checkout
<-- Request complete
--> POST /dashboard/listings/1/checkout
<-- Request complete
--> POST /dashboard/listings
<-- Request complete
--> POST /dashboard/listings/3/submit
<-- Request complete
--> POST /admin/listings/3/decision
<-- Request complete
--> POST /dashboard/listings/3/checkout
--> POST /dashboard/listings/3/checkout
<-- Request complete
<-- Request complete
--> GET /dashboard/purchases/36d57a64-9ce2-4c43-9dfd-5fca7b9a622c
<-- Request complete
--> GET /dashboard/purchases/36d57a64-9ce2-4c43-9dfd-5fca7b9a622c
<-- Request complete
--> POST /billing/webhooks/stripe/live
<-- Request complete
--> POST /billing/webhooks/stripe/live
<-- Request complete
--> POST /billing/webhooks/stripe/live
<-- Request complete
--> POST /billing/webhooks/stripe/live
<-- Request complete
--> POST /billing/webhooks/stripe/live
<-- Request complete
--> POST /billing/webhooks/stripe/live
<-- Request complete
--> POST /dashboard/listings
<-- Request complete
--> POST /dashboard/listings/4/submit
<-- Request complete
--> POST /admin/listings/4/decision
<-- Request complete
--> POST /dashboard/listings/4/checkout
--> POST /dashboard/listings/4/checkout
<-- Request complete
<-- Request complete
--> GET /dashboard/purchases/a4b0c445-9378-4110-9a47-fcfac92b913b
<-- Request complete
--> GET /dashboard/purchases/a4b0c445-9378-4110-9a47-fcfac92b913b
<-- Request complete
--> POST /billing/webhooks/paddle/live
<-- Request complete
--> POST /billing/webhooks/paddle/live
<-- Request complete
--> POST /billing/webhooks/paddle/live
<-- Request complete
--> POST /billing/webhooks/paddle/live
<-- Request complete
--> POST /billing/webhooks/paddle/live
<-- Request complete
--> POST /billing/webhooks/paddle/live
<-- Request complete
--> POST /billing/webhooks/paddle/live
<-- Request complete
--> POST /billing/webhooks/paddle/live
<-- Request complete
--> POST /billing/webhooks/paddle/live
<-- Request complete
--> POST /billing/webhooks/paddle/live
<-- Request complete
--> POST /billing/webhooks/paddle/live
<-- Request complete
--> POST /billing/webhooks/paddle/live
<-- Request complete
--> POST /billing/webhooks/paddle/live
<-- Request complete
--> POST /billing/webhooks/paddle/live
<-- Request complete
--> POST /billing/webhooks/paddle/live
<-- Request complete
--> POST /billing/webhooks/paddle/live
<-- Request complete
--> POST /billing/webhooks/paddle/live
<-- Request complete
--> POST /billing/webhooks/paddle/live
<-- Request complete
--> POST /dashboard/listings
<-- Request complete
--> POST /dashboard/listings/5/submit
<-- Request complete
--> POST /admin/listings/5/decision
<-- Request complete
--> POST /dashboard/listings/5/checkout
<-- Request complete
--> POST /billing/webhooks/stripe/live
<-- Request complete
--> POST /billing/webhooks/stripe/live
<-- Request complete
--> POST /dashboard/listings/5/checkout
<-- Request complete
--> POST /dashboard/purchases/9ff737c7-7dd9-4e5c-9710-8822ab960152/cancel
<-- Request complete
--> POST /dashboard/purchases/9ff737c7-7dd9-4e5c-9710-8822ab960152/cancel
<-- Request complete
--> POST /dashboard/purchases/9ff737c7-7dd9-4e5c-9710-8822ab960152/cancel
<-- Request complete
--> POST /dashboard/purchases/9ff737c7-7dd9-4e5c-9710-8822ab960152/cancel
<-- Request complete
--> POST /dashboard/purchases/9ff737c7-7dd9-4e5c-9710-8822ab960152/cancel
<-- Request complete
--> POST /dashboard/listings/5/checkout
<-- Request complete
--> POST /dashboard/listings
<-- Request complete
--> POST /dashboard/listings/6/submit
<-- Request complete
--> POST /admin/listings/6/decision
<-- Request complete
--> POST /dashboard/listings/6/checkout
<-- Request complete
--> POST /billing/webhooks/stripe/live
<-- Request complete
--> POST /billing/webhooks/stripe/live
<-- Request complete
--> POST /dashboard/listings/6/checkout
<-- Request complete
--> POST /dashboard/purchases/064382b4-e357-42b2-9c55-43011703a0c6/cancel
<-- Request complete
--> POST /dashboard/purchases/064382b4-e357-42b2-9c55-43011703a0c6/cancel
<-- Request complete
--> POST /dashboard/purchases/064382b4-e357-42b2-9c55-43011703a0c6/cancel
<-- Request complete
--> POST /dashboard/purchases/064382b4-e357-42b2-9c55-43011703a0c6/cancel
<-- Request complete
--> POST /dashboard/purchases/064382b4-e357-42b2-9c55-43011703a0c6/cancel
<-- Request complete
--> POST /dashboard/listings/6/checkout
<-- Request complete
--> POST /dashboard/listings
<-- Request complete
--> POST /dashboard/listings/7/submit
<-- Request complete
--> POST /admin/listings/7/decision
<-- Request complete
--> POST /dashboard/listings/7/checkout
<-- Request complete
--> POST /billing/webhooks/paddle/live
<-- Request complete
--> POST /billing/webhooks/paddle/live
<-- Request complete
--> POST /dashboard/listings/7/checkout
<-- Request complete
--> POST /dashboard/purchases/78fcf1de-3914-4cf1-9e8c-a0b7fbd66e51/cancel
<-- Request complete
--> POST /dashboard/purchases/78fcf1de-3914-4cf1-9e8c-a0b7fbd66e51/cancel
<-- Request complete
--> POST /dashboard/purchases/78fcf1de-3914-4cf1-9e8c-a0b7fbd66e51/cancel
<-- Request complete
--> POST /dashboard/purchases/78fcf1de-3914-4cf1-9e8c-a0b7fbd66e51/cancel
<-- Request complete
--> POST /dashboard/purchases/78fcf1de-3914-4cf1-9e8c-a0b7fbd66e51/cancel
<-- Request complete
--> POST /dashboard/listings/7/checkout
<-- Request complete
--> POST /dashboard/listings
<-- Request complete
--> POST /dashboard/listings/8/submit
<-- Request complete
--> POST /admin/listings/8/decision
<-- Request complete
--> POST /dashboard/listings/8/checkout
<-- Request complete
--> POST /billing/webhooks/paddle/live
<-- Request complete
--> POST /billing/webhooks/paddle/live
<-- Request complete
--> POST /dashboard/listings/8/checkout
<-- Request complete
--> POST /dashboard/purchases/690ef772-ea9e-45f5-a1bd-b5bc1af2ac16/cancel
<-- Request complete
--> POST /dashboard/purchases/690ef772-ea9e-45f5-a1bd-b5bc1af2ac16/cancel
<-- Request complete
--> POST /dashboard/purchases/690ef772-ea9e-45f5-a1bd-b5bc1af2ac16/cancel
<-- Request complete
--> POST /dashboard/purchases/690ef772-ea9e-45f5-a1bd-b5bc1af2ac16/cancel
<-- Request complete
--> POST /dashboard/purchases/690ef772-ea9e-45f5-a1bd-b5bc1af2ac16/cancel
<-- Request complete
--> POST /dashboard/listings/8/checkout
<-- Request complete
--> POST /dashboard/listings
<-- Request complete
--> POST /dashboard/listings/9/submit
<-- Request complete
--> POST /admin/listings/9/decision
<-- Request complete
--> POST /dashboard/listings/9/checkout
<-- Request complete
--> POST /admin/plans/once
<-- Request complete
--> POST /billing/webhooks/stripe/live
<-- Request complete
--> POST /dashboard/listings
<-- Request complete
--> POST /dashboard/listings/10/submit
<-- Request complete
--> POST /admin/listings/10/decision
<-- Request complete
--> POST /dashboard/listings/10/checkout
<-- Request complete
--> POST /admin/plans/once
<-- Request complete
[{"event_id":"f7c553da-689b-4d7e-ac40-aaa5e4d36769","status":"applied","error_code":null}]
--> POST /dashboard/listings
<-- Request complete
--> POST /dashboard/listings/11/submit
<-- Request complete
--> POST /admin/listings/11/decision
<-- Request complete
--> POST /dashboard/listings/11/checkout
<-- Request complete
--> POST /admin/plans/once
<-- Request complete
--> POST /billing/webhooks/paddle/live
<-- Request complete
--> POST /dashboard/listings
<-- Request complete
--> POST /dashboard/listings/12/submit
<-- Request complete
--> POST /admin/listings/12/decision
<-- Request complete
--> POST /dashboard/listings/12/checkout
<-- Request complete
--> POST /admin/plans/once
<-- Request complete
[{"event_id":"83106fc8-5d0d-4485-9992-ecc49ded523d","status":"applied","error_code":null}]
paid lifecycle: plans, HTTP ownership/CSRF, immutable checkout, authenticated acceptance, crash rollback, replay, refunds and disputes passed for live
test paid_lifecycle_contract ... ok

test result: ok. 1 passed; 0 failed; 1 ignored; 0 measured; 0 filtered out; finished in 5.34s

[payments] node scripts/with-ssr.mjs cargo test --locked --test paid_lifecycle -- --nocapture
    Finished `test` profile [unoptimized] target(s) in 0.25s
     Running tests/paid_lifecycle.rs (/home/shawn/workspace2/suprnova-directory-starter/target/debug/deps/paid_lifecycle-d3539375af6f841a)

running 2 tests
test browser::serve_paid_browser_fixture ... ignored, Started only by the paid browser verifier
--> GET /login
<-- Request complete
--> POST /login
<-- Request complete
--> GET /login
<-- Request complete
--> POST /login
<-- Request complete
--> GET /login
<-- Request complete
--> POST /login
<-- Request complete
--> GET /login
<-- Request complete
--> POST /login
<-- Request complete
--> GET /login
<-- Request complete
--> POST /admin/plans
<-- Request complete
--> POST /admin/plans
<-- Request complete
--> POST /admin/plans
<-- Request complete
--> POST /admin/plans
<-- Request complete
--> POST /admin/plans
<-- Request complete
--> POST /admin/plans
<-- Request complete
--> POST /admin/plans
<-- Request complete
--> POST /admin/plans
<-- Request complete
--> POST /admin/plans
<-- Request complete
--> POST /admin/plans
<-- Request complete
--> POST /admin/plans
<-- Request complete
--> POST /dashboard/listings
<-- Request complete
--> POST /dashboard/listings/1/checkout
<-- Request complete
--> POST /dashboard/listings/1/checkout
<-- Request complete
--> POST /dashboard/listings
<-- Request complete
--> POST /dashboard/listings/2/submit
<-- Request complete
--> POST /dashboard/listings/2/checkout
<-- Request complete
--> POST /dashboard/listings/2/checkout
<-- Request complete
--> POST /admin/listings/2/decision
<-- Request complete
--> POST /dashboard/listings/2/checkout
<-- Request complete
--> POST /dashboard/listings/2/checkout
<-- Request complete
--> POST /dashboard/listings/1/submit
<-- Request complete
--> POST /admin/listings/1/decision
<-- Request complete
--> POST /admin/plans
<-- Request complete
--> POST /admin/plans
<-- Request complete
--> POST /dashboard/listings/1/checkout
<-- Request complete
--> POST /dashboard/listings/1/checkout
<-- Request complete
--> POST /dashboard/listings/1/checkout
<-- Request complete
--> POST /dashboard/listings/1/checkout
<-- Request complete
--> POST /dashboard/listings/1/checkout
<-- Request complete
--> POST /dashboard/listings/1/checkout
<-- Request complete
--> POST /dashboard/listings/1/checkout
<-- Request complete
--> POST /dashboard/listings/1/checkout
<-- Request complete
--> POST /dashboard/listings/1/checkout
<-- Request complete
--> POST /dashboard/listings/1/checkout
<-- Request complete
--> POST /dashboard/listings/1/checkout
<-- Request complete
--> POST /dashboard/listings/1/checkout
<-- Request complete
--> POST /dashboard/listings/1/checkout
<-- Request complete
--> POST /dashboard/listings/1/checkout
<-- Request complete
--> POST /dashboard/listings
<-- Request complete
--> POST /dashboard/listings/3/submit
<-- Request complete
--> POST /admin/listings/3/decision
<-- Request complete
--> POST /dashboard/listings/3/checkout
--> POST /dashboard/listings/3/checkout
<-- Request complete
<-- Request complete
--> GET /dashboard/purchases/b24b8756-be73-441b-8c5a-4cc4b07d8712
<-- Request complete
--> GET /dashboard/purchases/b24b8756-be73-441b-8c5a-4cc4b07d8712
<-- Request complete
--> POST /billing/webhooks/stripe/test
<-- Request complete
--> POST /billing/webhooks/stripe/test
<-- Request complete
--> POST /billing/webhooks/stripe/test
<-- Request complete
--> POST /billing/webhooks/stripe/test
<-- Request complete
--> POST /billing/webhooks/stripe/test
<-- Request complete
--> POST /billing/webhooks/stripe/test
<-- Request complete
--> POST /dashboard/listings
<-- Request complete
--> POST /dashboard/listings/4/submit
<-- Request complete
--> POST /admin/listings/4/decision
<-- Request complete
--> POST /dashboard/listings/4/checkout
--> POST /dashboard/listings/4/checkout
<-- Request complete
<-- Request complete
--> GET /dashboard/purchases/ccd6efd3-b4c8-4d96-ba22-e4839c702334
<-- Request complete
--> GET /dashboard/purchases/ccd6efd3-b4c8-4d96-ba22-e4839c702334
<-- Request complete
--> POST /billing/webhooks/paddle/test
<-- Request complete
--> POST /billing/webhooks/paddle/test
<-- Request complete
--> POST /billing/webhooks/paddle/test
<-- Request complete
--> POST /billing/webhooks/paddle/test
<-- Request complete
--> POST /billing/webhooks/paddle/test
<-- Request complete
--> POST /billing/webhooks/paddle/test
<-- Request complete
--> POST /billing/webhooks/paddle/test
<-- Request complete
--> POST /billing/webhooks/paddle/test
<-- Request complete
--> POST /billing/webhooks/paddle/test
<-- Request complete
--> POST /billing/webhooks/paddle/test
<-- Request complete
--> POST /billing/webhooks/paddle/test
<-- Request complete
--> POST /billing/webhooks/paddle/test
<-- Request complete
--> POST /billing/webhooks/paddle/test
<-- Request complete
--> POST /billing/webhooks/paddle/test
<-- Request complete
--> POST /billing/webhooks/paddle/test
<-- Request complete
--> POST /billing/webhooks/paddle/test
<-- Request complete
--> POST /billing/webhooks/paddle/test
<-- Request complete
--> POST /billing/webhooks/paddle/test
<-- Request complete
--> POST /dashboard/listings
<-- Request complete
--> POST /dashboard/listings/5/submit
<-- Request complete
--> POST /admin/listings/5/decision
<-- Request complete
--> POST /dashboard/listings/5/checkout
<-- Request complete
--> POST /billing/webhooks/stripe/test
<-- Request complete
--> POST /billing/webhooks/stripe/test
<-- Request complete
--> POST /dashboard/listings/5/checkout
<-- Request complete
--> POST /dashboard/purchases/9f4d6342-884b-4470-adde-39f209412a46/cancel
<-- Request complete
--> POST /dashboard/purchases/9f4d6342-884b-4470-adde-39f209412a46/cancel
<-- Request complete
--> POST /dashboard/purchases/9f4d6342-884b-4470-adde-39f209412a46/cancel
<-- Request complete
--> POST /dashboard/purchases/9f4d6342-884b-4470-adde-39f209412a46/cancel
<-- Request complete
--> POST /dashboard/purchases/9f4d6342-884b-4470-adde-39f209412a46/cancel
<-- Request complete
--> POST /dashboard/listings/5/checkout
<-- Request complete
--> POST /dashboard/listings
<-- Request complete
--> POST /dashboard/listings/6/submit
<-- Request complete
--> POST /admin/listings/6/decision
<-- Request complete
--> POST /dashboard/listings/6/checkout
<-- Request complete
--> POST /billing/webhooks/stripe/test
<-- Request complete
--> POST /billing/webhooks/stripe/test
<-- Request complete
--> POST /dashboard/listings/6/checkout
<-- Request complete
--> POST /dashboard/purchases/fe78a3f3-ec56-460c-9ffc-350bb4651e4f/cancel
<-- Request complete
--> POST /dashboard/purchases/fe78a3f3-ec56-460c-9ffc-350bb4651e4f/cancel
<-- Request complete
--> POST /dashboard/purchases/fe78a3f3-ec56-460c-9ffc-350bb4651e4f/cancel
<-- Request complete
--> POST /dashboard/purchases/fe78a3f3-ec56-460c-9ffc-350bb4651e4f/cancel
<-- Request complete
--> POST /dashboard/purchases/fe78a3f3-ec56-460c-9ffc-350bb4651e4f/cancel
<-- Request complete
--> POST /dashboard/listings/6/checkout
<-- Request complete
--> POST /dashboard/listings
<-- Request complete
--> POST /dashboard/listings/7/submit
<-- Request complete
--> POST /admin/listings/7/decision
<-- Request complete
--> POST /dashboard/listings/7/checkout
<-- Request complete
--> POST /billing/webhooks/paddle/test
<-- Request complete
--> POST /billing/webhooks/paddle/test
<-- Request complete
--> POST /dashboard/listings/7/checkout
<-- Request complete
--> POST /dashboard/purchases/01143522-a7ca-43dc-b0fa-67f6eec86ff3/cancel
<-- Request complete
--> POST /dashboard/purchases/01143522-a7ca-43dc-b0fa-67f6eec86ff3/cancel
<-- Request complete
--> POST /dashboard/purchases/01143522-a7ca-43dc-b0fa-67f6eec86ff3/cancel
<-- Request complete
--> POST /dashboard/purchases/01143522-a7ca-43dc-b0fa-67f6eec86ff3/cancel
<-- Request complete
--> POST /dashboard/purchases/01143522-a7ca-43dc-b0fa-67f6eec86ff3/cancel
<-- Request complete
--> POST /dashboard/listings/7/checkout
<-- Request complete
--> POST /dashboard/listings
<-- Request complete
--> POST /dashboard/listings/8/submit
<-- Request complete
--> POST /admin/listings/8/decision
<-- Request complete
--> POST /dashboard/listings/8/checkout
<-- Request complete
--> POST /billing/webhooks/paddle/test
<-- Request complete
--> POST /billing/webhooks/paddle/test
<-- Request complete
--> POST /dashboard/listings/8/checkout
<-- Request complete
--> POST /dashboard/purchases/c857e5f9-4786-4c74-9356-46abd653f359/cancel
<-- Request complete
--> POST /dashboard/purchases/c857e5f9-4786-4c74-9356-46abd653f359/cancel
<-- Request complete
--> POST /dashboard/purchases/c857e5f9-4786-4c74-9356-46abd653f359/cancel
<-- Request complete
--> POST /dashboard/purchases/c857e5f9-4786-4c74-9356-46abd653f359/cancel
<-- Request complete
--> POST /dashboard/purchases/c857e5f9-4786-4c74-9356-46abd653f359/cancel
<-- Request complete
--> POST /dashboard/listings/8/checkout
<-- Request complete
--> POST /dashboard/listings
<-- Request complete
--> POST /dashboard/listings/9/submit
<-- Request complete
--> POST /admin/listings/9/decision
<-- Request complete
--> POST /dashboard/listings/9/checkout
<-- Request complete
--> POST /admin/plans/once
<-- Request complete
--> POST /billing/webhooks/stripe/test
<-- Request complete
--> POST /dashboard/listings
<-- Request complete
--> POST /dashboard/listings/10/submit
<-- Request complete
--> POST /admin/listings/10/decision
<-- Request complete
--> POST /dashboard/listings/10/checkout
<-- Request complete
--> POST /admin/plans/once
<-- Request complete
[{"event_id":"979c7b90-3a8d-4738-83a1-674de2bd180e","status":"applied","error_code":null}]
--> POST /dashboard/listings
<-- Request complete
--> POST /dashboard/listings/11/submit
<-- Request complete
--> POST /admin/listings/11/decision
<-- Request complete
--> POST /dashboard/listings/11/checkout
<-- Request complete
--> POST /admin/plans/once
<-- Request complete
--> POST /billing/webhooks/paddle/test
<-- Request complete
--> POST /dashboard/listings
<-- Request complete
--> POST /dashboard/listings/12/submit
<-- Request complete
--> POST /admin/listings/12/decision
<-- Request complete
--> POST /dashboard/listings/12/checkout
<-- Request complete
--> POST /admin/plans/once
<-- Request complete
[{"event_id":"093d43a0-0bef-4c3a-998b-569cdf53a2f8","status":"applied","error_code":null}]
paid lifecycle: plans, HTTP ownership/CSRF, immutable checkout, authenticated acceptance, crash rollback, replay, refunds and disputes passed for test
test paid_lifecycle_contract ... ok

test result: ok. 1 passed; 0 failed; 1 ignored; 0 measured; 0 filtered out; finished in 4.99s

[payments] node scripts/verify-pinned-checkout.mjs
[pinned-checkout] git -C /home/shawn/.cargo/git/checkouts/suprnova-efd29c0c4437ef3f/107e6e7 archive --format=tar --output=/home/shawn/workspace2/scratchpads/scratchpads/pinned-checkout-FMZ8nA/source.tar 107e6e7a122d5145160ea1547ca90ddc37459c27
[pinned-checkout] tar -xf /home/shawn/workspace2/scratchpads/scratchpads/pinned-checkout-FMZ8nA/source.tar -C /home/shawn/workspace2/scratchpads/scratchpads/pinned-checkout-FMZ8nA/repository
[pinned-checkout] committed source 107e6e7a122d5145160ea1547ca90ddc37459c27; Cargo target /home/shawn/workspace2/suprnova-directory-starter/target
[pinned-checkout] cargo test --locked -p suprnova-payments-stripe --lib -- --list --format terse
    Finished `test` profile [unoptimized] target(s) in 0.74s
warning: the following packages contain code that will be rejected by a future version of Rust: proc-macro-error2 v2.0.1
note: to see what the problems were, use the option `--future-incompat-report`, or run `cargo report future-incompatibilities --id 1`
     Running unittests src/lib.rs (/home/shawn/workspace2/suprnova-directory-starter/target/debug/deps/suprnova_payments_stripe-80f226183a3cbe68)
checkout::tests::complete_paid_session_maps_with_payment_ref_and_total: test
checkout::tests::complete_unpaid_session_maps_paid_false: test
checkout::tests::hosted_one_off_params_serialize_payment_mode_with_flags: test
checkout::tests::managed_payments_field_is_omitted_when_off: test
checkout::tests::open_and_expired_sessions_map_directly: test
checkout::tests::subscription_params_keep_pre_065_shape: test
customer::tests::metadata_to_string_map_none_when_input_empty_object: test
customer::tests::metadata_to_string_map_none_when_input_none: test
customer::tests::metadata_to_string_map_none_when_input_not_an_object: test
customer::tests::metadata_to_string_map_none_when_input_null: test
customer::tests::metadata_to_string_map_scalars_are_stringified: test
customer::tests::metadata_to_string_map_skips_null_values: test
customer::tests::metadata_to_string_map_string_values_pass_through_unquoted: test
customer::tests::pick_metadata_falls_back_when_server_returns_empty: test
customer::tests::pick_metadata_falls_back_when_server_returns_none: test
customer::tests::pick_metadata_prefers_server_returned_over_fallback: test
debug_redaction_tests::debug_does_not_leak_webhook_secret: test
debug_redaction_tests::require_nonempty_rejects_blank_secret: test
event_map::tests::known_events_map_correctly: test
event_map::tests::unknown_event_returns_none: test
idempotency_tests::checkout_wire_omits_absent_metadata_and_disabled_managed_payments: test
idempotency_tests::elements_checkout_wire_preserves_metadata: test
idempotency_tests::elements_session_status_preserves_provider_errors: test
idempotency_tests::elements_session_status_retrieves_payment_intent_and_only_succeeded_is_paid: test
idempotency_tests::hosted_checkout_wire_preserves_metadata_line_items_and_flags: test
idempotency_tests::idempotency_keys_are_request_headers_on_every_supported_mutation: test
idempotency_tests::invalid_idempotency_keys_are_rejected_before_network_io: test
idempotency_tests::session_status_rejects_invalid_identifiers_before_network: test
idempotency_tests::subscription_checkout_wire_preserves_metadata_line_items_and_flags: test
promotions::tests::params_serialize_expiry_as_unix_seconds_and_skip_absent_fields: test
webhook::tests::checked_dispute_snapshot_uses_referenced_payment: test
webhook::tests::checked_invoice_snapshot_rejects_invalid_optional_fields: test
webhook::tests::checked_payment_snapshot_rejects_malformed_fields: test
webhook::tests::extract_customer_snapshot_pulls_email_from_data_object: test
webhook::tests::extract_customer_snapshot_returns_none_for_non_customer_events: test
webhook::tests::extract_payload_ids_invoice_paid_carries_subscription: test
webhook::tests::extract_payload_ids_returns_empty_when_data_object_missing: test
webhook::tests::extract_payload_ids_subscription_created: test
webhook::tests::extract_payment_snapshot_falls_back_to_amount_due_when_amount_paid_absent: test
webhook::tests::extract_payment_snapshot_invoice_paid_uses_amount_paid_and_tax: test
webhook::tests::extract_payment_snapshot_payment_succeeded: test
webhook::tests::extract_payment_snapshot_returns_none_for_subscription_event: test
webhook::tests::hostile_event_payloads_never_unwind_the_extractors: test
webhook::tests::non_json_bodies_are_rejected_without_unwinding: test
webhook::tests::nullable_customer_is_an_intentional_partial_snapshot: test
webhook::tests::parse_event_rejects_invalid_ids_and_preserves_nonblank_ids: test
webhook::tests::verify_accepts_a_correctly_signed_payload: test
webhook::tests::verify_binds_the_signature_to_its_timestamp: test
webhook::tests::verify_refuses_a_blank_signing_secret: test
webhook::tests::verify_rejects_a_replayed_event_outside_the_tolerance_window: test
webhook::tests::verify_rejects_a_tampered_body: test
webhook::tests::verify_rejects_headers_that_carry_no_usable_signature: test
[pinned-checkout] cargo test --locked -p suprnova-payments-stripe --lib checkout::tests:: -- --nocapture --test-threads=1
    Finished `test` profile [unoptimized] target(s) in 0.25s
warning: the following packages contain code that will be rejected by a future version of Rust: proc-macro-error2 v2.0.1
note: to see what the problems were, use the option `--future-incompat-report`, or run `cargo report future-incompatibilities --id 1`
     Running unittests src/lib.rs (/home/shawn/workspace2/suprnova-directory-starter/target/debug/deps/suprnova_payments_stripe-80f226183a3cbe68)

running 6 tests
test checkout::tests::complete_paid_session_maps_with_payment_ref_and_total ... ok
test checkout::tests::complete_unpaid_session_maps_paid_false ... ok
test checkout::tests::hosted_one_off_params_serialize_payment_mode_with_flags ... ok
test checkout::tests::managed_payments_field_is_omitted_when_off ... ok
test checkout::tests::open_and_expired_sessions_map_directly ... ok
test checkout::tests::subscription_params_keep_pre_065_shape ... ok

test result: ok. 6 passed; 0 failed; 0 ignored; 0 measured; 46 filtered out; finished in 0.05s

[pinned-checkout] cargo test --locked -p suprnova-payments-stripe --lib idempotency_tests:: -- --nocapture --test-threads=1
    Finished `test` profile [unoptimized] target(s) in 0.27s
warning: the following packages contain code that will be rejected by a future version of Rust: proc-macro-error2 v2.0.1
note: to see what the problems were, use the option `--future-incompat-report`, or run `cargo report future-incompatibilities --id 1`
     Running unittests src/lib.rs (/home/shawn/workspace2/suprnova-directory-starter/target/debug/deps/suprnova_payments_stripe-80f226183a3cbe68)

running 9 tests
test idempotency_tests::checkout_wire_omits_absent_metadata_and_disabled_managed_payments ... ok
test idempotency_tests::elements_checkout_wire_preserves_metadata ... ok
test idempotency_tests::elements_session_status_preserves_provider_errors ... ok
test idempotency_tests::elements_session_status_retrieves_payment_intent_and_only_succeeded_is_paid ... ok
test idempotency_tests::hosted_checkout_wire_preserves_metadata_line_items_and_flags ... ok
test idempotency_tests::idempotency_keys_are_request_headers_on_every_supported_mutation ... ok
test idempotency_tests::invalid_idempotency_keys_are_rejected_before_network_io ... ok
test idempotency_tests::session_status_rejects_invalid_identifiers_before_network ... ok
test idempotency_tests::subscription_checkout_wire_preserves_metadata_line_items_and_flags ... ok

test result: ok. 9 passed; 0 failed; 0 ignored; 0 measured; 43 filtered out; finished in 1.09s

[pinned-checkout] cargo test --locked -p suprnova-payments-paddle --lib -- --list --format terse
    Finished `test` profile [unoptimized] target(s) in 0.28s
warning: the following packages contain code that will be rejected by a future version of Rust: proc-macro-error2 v2.0.1
note: to see what the problems were, use the option `--future-incompat-report`, or run `cargo report future-incompatibilities --id 1`
     Running unittests src/lib.rs (/home/shawn/workspace2/suprnova-directory-starter/target/debug/deps/suprnova_payments_paddle-c3463df662284cc2)
checkout::tests::checkout_does_not_mislabel_customer_id_as_auth_token: test
checkout::tests::checkout_forwards_correlation_metadata: test
checkout::tests::checkout_metadata_uses_existing_string_map_policy: test
checkout::tests::create_timeout_reports_an_uncertain_outcome: test
checkout::tests::retrieval_maps_each_transaction_status: test
checkout::tests::retrieval_rejects_invalid_totals_and_provider_errors: test
checkout::tests::retrieval_rejects_malformed_transaction_identifiers_before_io: test
checkout::tests::retrieval_timeout_is_bounded: test
customer::tests::metadata_to_string_map_none_when_input_empty_object: test
customer::tests::metadata_to_string_map_none_when_input_none: test
customer::tests::metadata_to_string_map_none_when_input_not_an_object: test
customer::tests::metadata_to_string_map_none_when_input_null: test
customer::tests::metadata_to_string_map_scalars_are_stringified: test
customer::tests::metadata_to_string_map_skips_null_values: test
customer::tests::metadata_to_string_map_string_values_pass_through_unquoted: test
customer::tests::paddle_pick_falls_back_when_server_returns_none: test
customer::tests::paddle_pick_prefers_server_custom_data_over_request_echo: test
event_map::tests::known_events_map_correctly: test
event_map::tests::unknown_event_returns_none: test
idempotency_tests::unsupported_idempotency_keys_fail_before_paddle_mutations: test
webhook::settlement_contract_tests::adjustment_classification_requires_action_and_approval: test
webhook::settlement_contract_tests::failed_event_does_not_reuse_an_earlier_capture_time: test
webhook::settlement_contract_tests::invoice_timestamp_without_capture_does_not_invent_payment_time: test
webhook::settlement_contract_tests::issued_invoice_is_not_a_paid_event: test
webhook::settlement_contract_tests::payment_timestamp_uses_capture_and_allows_later_subscription_link: test
webhook::signature_hex_tests::a_well_formed_digest_reaches_the_sdk: test
webhook::signature_hex_tests::non_hex_digest_is_refused: test
webhook::signature_hex_tests::non_json_bodies_are_rejected_without_unwinding: test
webhook::signature_hex_tests::odd_length_digest_is_refused_without_unwinding: test
webhook::signature_hex_tests::structurally_invalid_headers_still_error_cleanly: test
webhook::tests::checked_adjustment_snapshot_requires_transaction_and_total: test
webhook::tests::checked_payment_snapshot_rejects_malformed_fields: test
webhook::tests::extract_customer_snapshot_reads_data_directly: test
webhook::tests::extract_payload_ids_adjustment_uses_transaction_id: test
webhook::tests::extract_payload_ids_subscription_event: test
webhook::tests::extract_payload_ids_transaction_event_includes_subscription_link: test
webhook::tests::extract_payload_ids_transaction_event_uses_data_id: test
webhook::tests::extract_payment_snapshot_adjustment_keys_off_transaction_id_with_real_amount: test
webhook::tests::extract_payment_snapshot_handles_numeric_totals: test
webhook::tests::extract_payment_snapshot_parses_string_totals: test
webhook::tests::hostile_event_payloads_never_unwind_the_extractors: test
webhook::tests::nullable_customer_is_an_intentional_partial_snapshot: test
webhook::tests::parse_event_rejects_invalid_ids_and_preserves_nonblank_ids: test
webhook::tests::require_nonempty_rejects_blank_credentials: test
webhook::tests::verify_refuses_a_blank_webhook_key: test
webhook::tests::verify_refuses_a_whitespace_only_webhook_key: test
[pinned-checkout] cargo test --locked -p suprnova-payments-paddle --lib checkout::tests:: -- --nocapture --test-threads=1
    Finished `test` profile [unoptimized] target(s) in 0.25s
warning: the following packages contain code that will be rejected by a future version of Rust: proc-macro-error2 v2.0.1
note: to see what the problems were, use the option `--future-incompat-report`, or run `cargo report future-incompatibilities --id 1`
     Running unittests src/lib.rs (/home/shawn/workspace2/suprnova-directory-starter/target/debug/deps/suprnova_payments_paddle-c3463df662284cc2)

running 8 tests
test checkout::tests::checkout_does_not_mislabel_customer_id_as_auth_token ... ok
test checkout::tests::checkout_forwards_correlation_metadata ... ok
test checkout::tests::checkout_metadata_uses_existing_string_map_policy ... ok
test checkout::tests::create_timeout_reports_an_uncertain_outcome ... ok
test checkout::tests::retrieval_maps_each_transaction_status ... ok
test checkout::tests::retrieval_rejects_invalid_totals_and_provider_errors ... ok
test checkout::tests::retrieval_rejects_malformed_transaction_identifiers_before_io ... ok
test checkout::tests::retrieval_timeout_is_bounded ... ok

test result: ok. 8 passed; 0 failed; 0 ignored; 0 measured; 38 filtered out; finished in 0.12s

[pinned-checkout] cargo test --locked -p suprnova-payments-paddle --lib idempotency_tests:: -- --nocapture --test-threads=1
    Finished `test` profile [unoptimized] target(s) in 0.25s
warning: the following packages contain code that will be rejected by a future version of Rust: proc-macro-error2 v2.0.1
note: to see what the problems were, use the option `--future-incompat-report`, or run `cargo report future-incompatibilities --id 1`
     Running unittests src/lib.rs (/home/shawn/workspace2/suprnova-directory-starter/target/debug/deps/suprnova_payments_paddle-c3463df662284cc2)

running 1 test
test idempotency_tests::unsupported_idempotency_keys_fail_before_paddle_mutations ... ok

test result: ok. 1 passed; 0 failed; 0 ignored; 0 measured; 45 filtered out; finished in 0.50s

[pinned-checkout] PASS: pinned Stripe/Paddle checkout, correlation, price encoding, idempotency, retrieval and timeout tests at 107e6e7a122d5145160ea1547ca90ddc37459c27
[payments] node scripts/with-ssr.mjs node frontend/tests/paid-workflows.mjs
Paid browser: plan validation/edit, owner review, forged return, Stripe redirect, Paddle initialization/completion, cancellation confirmation, free plan, keyboard and mobile passed.
cairn: DIR-008: pass
cairn: PAY-002: pass
cairn: PAY-003: pass
cairn: PAY-009: pass
cairn: PAY-010: pass
cairn: PAY-011: pass
cairn: PAY-012: pass
cairn: PAY-013: pass
cairn: PAY-014: pass
cairn: PAY-015: pass
cairn: PAY-016: pass
