   Compiling directory v0.1.0 (/home/shawn/workspace2/scratchpads/directory-paid-nG24My)
    Finished `dev` profile [unoptimized] target(s) in 20.55s
$ vue-tsc --noEmit && vite build

(!) outDir /home/shawn/workspace2/scratchpads/directory-paid-nG24My/public/assets is not inside project root and will not be emptied.
Use --emptyOutDir to override.

$ vite build --ssr src/ssr.ts
   Compiling directory v0.1.0 (/home/shawn/workspace2/scratchpads/directory-paid-nG24My)
    Finished `test` profile [unoptimized] target(s) in 15.07s
     Running unittests src/lib.rs (/home/shawn/workspace2/suprnova-directory-starter/target/debug/deps/directory-3c24bf58db703432)
   Compiling directory v0.1.0 (/home/shawn/workspace2/scratchpads/directory-paid-nG24My)
    Finished `test` profile [unoptimized] target(s) in 2.63s
     Running tests/payment_sdk_wire.rs (/home/shawn/workspace2/suprnova-directory-starter/target/debug/deps/payment_sdk_wire-d682b9108d4bbb96)
   Compiling directory v0.1.0 (/home/shawn/workspace2/scratchpads/directory-paid-nG24My)
    Finished `test` profile [unoptimized] target(s) in 3.13s
     Running tests/paid_lifecycle.rs (/home/shawn/workspace2/suprnova-directory-starter/target/debug/deps/paid_lifecycle-d3539375af6f841a)
    Finished `test` profile [unoptimized] target(s) in 0.62s
     Running tests/paid_lifecycle.rs (/home/shawn/workspace2/suprnova-directory-starter/target/debug/deps/paid_lifecycle-d3539375af6f841a)
    Finished `test` profile [unoptimized] target(s) in 0.71s
warning: the following packages contain code that will be rejected by a future version of Rust: proc-macro-error2 v2.0.1
note: to see what the problems were, use the option `--future-incompat-report`, or run `cargo report future-incompatibilities --id 1`
     Running unittests src/lib.rs (/home/shawn/workspace2/suprnova-directory-starter/target/debug/deps/suprnova_payments_stripe-80f226183a3cbe68)
    Finished `test` profile [unoptimized] target(s) in 0.29s
warning: the following packages contain code that will be rejected by a future version of Rust: proc-macro-error2 v2.0.1
note: to see what the problems were, use the option `--future-incompat-report`, or run `cargo report future-incompatibilities --id 1`
     Running unittests src/lib.rs (/home/shawn/workspace2/suprnova-directory-starter/target/debug/deps/suprnova_payments_stripe-80f226183a3cbe68)
    Blocking waiting for file lock on package cache
    Finished `test` profile [unoptimized] target(s) in 0.33s
    Blocking waiting for file lock on package cache
warning: the following packages contain code that will be rejected by a future version of Rust: proc-macro-error2 v2.0.1
note: to see what the problems were, use the option `--future-incompat-report`, or run `cargo report future-incompatibilities --id 1`
     Running unittests src/lib.rs (/home/shawn/workspace2/suprnova-directory-starter/target/debug/deps/suprnova_payments_stripe-80f226183a3cbe68)
    Finished `test` profile [unoptimized] target(s) in 0.37s
warning: the following packages contain code that will be rejected by a future version of Rust: proc-macro-error2 v2.0.1
note: to see what the problems were, use the option `--future-incompat-report`, or run `cargo report future-incompatibilities --id 1`
     Running unittests src/lib.rs (/home/shawn/workspace2/suprnova-directory-starter/target/debug/deps/suprnova_payments_paddle-c3463df662284cc2)
    Finished `test` profile [unoptimized] target(s) in 0.27s
warning: the following packages contain code that will be rejected by a future version of Rust: proc-macro-error2 v2.0.1
note: to see what the problems were, use the option `--future-incompat-report`, or run `cargo report future-incompatibilities --id 1`
     Running unittests src/lib.rs (/home/shawn/workspace2/suprnova-directory-starter/target/debug/deps/suprnova_payments_paddle-c3463df662284cc2)
    Blocking waiting for file lock on package cache
    Finished `test` profile [unoptimized] target(s) in 0.29s
warning: the following packages contain code that will be rejected by a future version of Rust: proc-macro-error2 v2.0.1
note: to see what the problems were, use the option `--future-incompat-report`, or run `cargo report future-incompatibilities --id 1`
     Running unittests src/lib.rs (/home/shawn/workspace2/suprnova-directory-starter/target/debug/deps/suprnova_payments_paddle-c3463df662284cc2)
