[directory] cargo fmt --check
[directory] cargo build --locked --bins
    Blocking waiting for file lock on package cache
   Compiling directory v0.1.0 (/home/shawn/workspace2/scratchpads/directory-paid-94mjnq)
    Finished `dev` profile [unoptimized] target(s) in 17.43s
[directory] bun install --frozen-lockfile --cwd frontend
bun install v1.4.1 (4661e494f)

+ @playwright/test@1.63.0
+ @tailwindcss/forms@0.5.11
+ @tailwindcss/typography@0.5.20
+ @tailwindcss/vite@4.3.3
+ @types/node@24.13.3
+ @vitejs/plugin-vue@6.0.8
+ tailwindcss@4.3.3
+ typescript@6.0.3
+ vite@8.2.2
+ vue-tsc@3.3.11
+ @fluent/bundle@0.19.1
+ @inertiajs/vue3@3.7.0
+ @vuetify/v0@1.0.1
+ vue@3.5.42

81 packages installed [849.00ms]
[directory] bun run --cwd frontend build
$ vue-tsc --noEmit && vite build
vite v8.2.2 building client environment for production...
transforming...
✓ 693 modules transformed.

(!) outDir /home/shawn/workspace2/scratchpads/directory-paid-94mjnq/public/assets is not inside project root and will not be emptied.
Use --emptyOutDir to override.

rendering chunks...
computing gzip size...
../public/assets/.vite/manifest.json         0.18 kB │ gzip:   0.14 kB
../public/assets/assets/main-MY-BDmpD.css   58.69 kB │ gzip:  10.10 kB
../public/assets/assets/main-B2ALwM8w.js   382.13 kB │ gzip: 120.59 kB

✓ built in 965ms
[directory] bun run --cwd frontend build:ssr
$ vite build --ssr src/ssr.ts
vite v8.2.2 building ssr environment for production...
transforming...
✓ 80 modules transformed.
rendering chunks...
computing gzip size...
bootstrap/ssr/ssr.js  197.89 kB │ gzip: 32.17 kB

✓ built in 438ms
[directory] cargo test --locked --lib listings::media::tests -- --nocapture
   Compiling directory v0.1.0 (/home/shawn/workspace2/scratchpads/directory-paid-94mjnq)
    Finished `test` profile [unoptimized] target(s) in 17.07s
     Running unittests src/lib.rs (/home/shawn/workspace2/suprnova-directory-starter/target/debug/deps/directory-3c24bf58db703432)

running 4 tests
test listings::media::tests::generated_keys_and_private_root_reject_traversal ... ok
test listings::media::tests::reencoding_discards_jpeg_comment_metadata ... ok
test listings::media::tests::accepts_only_decodable_raster_images_and_bounds_dimensions ... ok
test listings::media::tests::persists_complete_bytes_with_generated_name ... ok

test result: ok. 4 passed; 0 failed; 0 ignored; 0 measured; 19 filtered out; finished in 0.02s

[directory] node scripts/with-ssr.mjs cargo test --locked --test directory_workflows -- --nocapture
   Compiling directory v0.1.0 (/home/shawn/workspace2/scratchpads/directory-paid-94mjnq)
    Finished `test` profile [unoptimized] target(s) in 2.24s
     Running tests/directory_workflows.rs (/home/shawn/workspace2/suprnova-directory-starter/target/debug/deps/directory_workflows-8c9fedbac16a1e1e)

running 1 test
--> GET /login
<-- Request complete
--> POST /login
<-- Request complete
--> GET /login
<-- Request complete
--> POST /login
<-- Request complete
--> GET /login
<-- Request complete
--> POST /login
<-- Request complete
--> GET /login
<-- Request complete
--> POST /login
<-- Request complete
--> GET /login
<-- Request complete
--> GET /dashboard/listings
<-- Request complete
--> POST /dashboard/listings
<-- Request complete
--> POST /dashboard/listings
<-- Request complete
--> POST /dashboard/listings
<-- Request complete
--> POST /dashboard/listings/media
<-- Request complete
--> GET /dashboard/listings/media/4f5c5122-5872-4945-91fd-595a38afc3bf
<-- Request complete
--> GET /dashboard/listings/media/4f5c5122-5872-4945-91fd-595a38afc3bf
<-- Request complete
--> GET /dashboard/listings/media/4f5c5122-5872-4945-91fd-595a38afc3bf
<-- Request complete
--> POST /dashboard/listings
<-- Request complete
--> GET /login
<-- Request complete
--> POST /login
<-- Request complete
--> GET /dashboard/listings/1/edit
<-- Request complete
--> GET /dashboard/listings/1/edit
<-- Request complete
--> POST /dashboard/listings/1
<-- Request complete
--> POST /dashboard/listings/1/submit
<-- Request complete
--> POST /dashboard/listings/1/archive
<-- Request complete
--> POST /dashboard/listings/1
<-- Request complete
--> POST /dashboard/listings/1
<-- Request complete
--> POST /dashboard/listings/1
<-- Request complete
--> POST /dashboard/listings/1
<-- Request complete
--> POST /dashboard/listings/1
<-- Request complete
--> POST /dashboard/listings/1
<-- Request complete
--> POST /dashboard/listings/1
<-- Request complete
--> POST /dashboard/listings/1
<-- Request complete
--> POST /dashboard/listings/1
<-- Request complete
--> POST /dashboard/listings/media
<-- Request complete
--> POST /dashboard/listings/1
<-- Request complete
--> POST /dashboard/listings/media
<-- Request complete
--> POST /dashboard/listings/media
<-- Request complete
--> GET /listings/original-100-tool-dfdc3690eb954ee2939032cf2052f296
<-- Request complete
--> GET /media/listings/original-100-tool-dfdc3690eb954ee2939032cf2052f296/4f5c5122-5872-4945-91fd-595a38afc3bf
<-- Request complete
--> POST /admin/listings/1/decision
<-- Request complete
--> POST /admin/listings/1/decision
<-- Request complete
--> POST /dashboard/listings/1/submit
<-- Request complete
--> POST /admin/listings/1/decision
<-- Request complete
--> POST /admin/listings/1/decision
<-- Request complete
--> GET /listings/original-100-tool-dfdc3690eb954ee2939032cf2052f296
<-- Request complete
--> GET /media/listings/original-100-tool-dfdc3690eb954ee2939032cf2052f296/4f5c5122-5872-4945-91fd-595a38afc3bf
<-- Request complete
--> POST /admin/listings/1/decision
<-- Request complete
--> GET /listings/original-100-tool-dfdc3690eb954ee2939032cf2052f296
<-- Request complete
--> GET /media/listings/original-100-tool-dfdc3690eb954ee2939032cf2052f296/4f5c5122-5872-4945-91fd-595a38afc3bf
<-- Request complete
--> GET /listings/original-100-tool-dfdc3690eb954ee2939032cf2052f296
<-- Request complete
--> GET /media/listings/original-100-tool-dfdc3690eb954ee2939032cf2052f296/4f5c5122-5872-4945-91fd-595a38afc3bf
<-- Request complete
--> GET /listings/original-100-tool-dfdc3690eb954ee2939032cf2052f296
<-- Request complete
--> GET /media/listings/original-100-tool-dfdc3690eb954ee2939032cf2052f296/4f5c5122-5872-4945-91fd-595a38afc3bf
<-- Request complete
--> GET /listings/original-100-tool-dfdc3690eb954ee2939032cf2052f296
<-- Request complete
--> GET /media/listings/original-100-tool-dfdc3690eb954ee2939032cf2052f296/4f5c5122-5872-4945-91fd-595a38afc3bf
<-- Request complete
--> GET /listings/original-100-tool-dfdc3690eb954ee2939032cf2052f296
<-- Request complete
--> GET /media/listings/original-100-tool-dfdc3690eb954ee2939032cf2052f296/4f5c5122-5872-4945-91fd-595a38afc3bf
<-- Request complete
--> GET /listings/original-100-tool-dfdc3690eb954ee2939032cf2052f296
<-- Request complete
--> GET /media/listings/original-100-tool-dfdc3690eb954ee2939032cf2052f296/4f5c5122-5872-4945-91fd-595a38afc3bf
<-- Request complete
--> POST /dashboard/listings/media
<-- Request complete
--> POST /dashboard/listings/1
<-- Request complete
--> GET /media/listings/original-100-tool-dfdc3690eb954ee2939032cf2052f296/fc41ac64-6822-4822-bc49-2ef1f41fa56f
<-- Request complete
--> POST /dashboard/listings/1
<-- Request complete
--> POST /dashboard/listings/1/submit
<-- Request complete
--> POST /admin/listings/1/decision
<-- Request complete
--> GET /listings/original-100-tool-dfdc3690eb954ee2939032cf2052f296
<-- Request complete
--> GET /media/listings/original-100-tool-dfdc3690eb954ee2939032cf2052f296/4f5c5122-5872-4945-91fd-595a38afc3bf
<-- Request complete
--> GET /listings
<-- Request complete
--> GET /listings
<-- Request complete
--> POST /dashboard/listings
<-- Request complete
--> POST /dashboard/listings/2/submit
<-- Request complete
--> POST /admin/listings/2/decision
<-- Request complete
--> POST /dashboard/listings
<-- Request complete
--> POST /dashboard/listings/3/submit
<-- Request complete
--> POST /admin/listings/3/decision
<-- Request complete
--> POST /dashboard/listings/1/submit
<-- Request complete
--> POST /dashboard/listings/1
<-- Request complete
--> POST /admin/listings/1/decision
<-- Request complete
--> POST /dashboard/listings/1/submit
<-- Request complete
--> POST /admin/listings/1/decision
<-- Request complete
--> POST /admin/listings/1/suspension
<-- Request complete
--> POST /admin/listings/1/suspension
<-- Request complete
--> GET /listings/original-100-tool-dfdc3690eb954ee2939032cf2052f296
<-- Request complete
--> GET /media/listings/original-100-tool-dfdc3690eb954ee2939032cf2052f296/4f5c5122-5872-4945-91fd-595a38afc3bf
<-- Request complete
--> POST /admin/listings/1/suspension
<-- Request complete
--> GET /listings/original-100-tool-dfdc3690eb954ee2939032cf2052f296
<-- Request complete
--> GET /media/listings/original-100-tool-dfdc3690eb954ee2939032cf2052f296/4f5c5122-5872-4945-91fd-595a38afc3bf
<-- Request complete
--> GET /listings/original-100-tool-dfdc3690eb954ee2939032cf2052f296
<-- Request complete
--> GET /media/listings/original-100-tool-dfdc3690eb954ee2939032cf2052f296/4f5c5122-5872-4945-91fd-595a38afc3bf
<-- Request complete
--> GET /admin/audit
<-- Request complete
--> POST /dashboard/listings/1/archive
<-- Request complete
--> GET /listings/original-100-tool-dfdc3690eb954ee2939032cf2052f296
<-- Request complete
--> GET /media/listings/original-100-tool-dfdc3690eb954ee2939032cf2052f296/4f5c5122-5872-4945-91fd-595a38afc3bf
<-- Request complete
test directory_workflows_contract ... ok

test result: ok. 1 passed; 0 failed; 0 ignored; 0 measured; 0 filtered out; finished in 5.13s

[directory] node scripts/with-ssr.mjs node frontend/tests/directory-workflows.mjs
{"timestamp":"2026-09-09T22:12:25.406064Z","level":"WARN","fields":{"message":"booting production with a mail driver that discards messages - outgoing mail, including password resets, will NOT be delivered","driver":"log","override_env":"MAIL_ALLOW_NON_DELIVERING_IN_PRODUCTION"},"target":"suprnova::mail::boot"}
{"timestamp":"2026-09-09T22:12:25.406157Z","level":"INFO","fields":{"message":"suprnova server listening","addr":"127.0.0.1:37011"},"target":"suprnova::server"}
--> GET /login
<-- Request complete
--> GET /assets/assets/main-MY-BDmpD.css
--> GET /assets/assets/main-B2ALwM8w.js
<-- Request complete
<-- Request complete
--> POST /login
<-- Request complete
--> GET /dashboard
<-- Request complete
--> GET /dashboard/listings
<-- Request complete
--> GET /dashboard/listings/create
<-- Request complete
--> POST /dashboard/listings/media
<-- Request complete
--> GET /dashboard/listings/media/d8ec58a5-2687-4a97-b6a6-252d8e188f3b
<-- Request complete
--> POST /dashboard/listings
<-- Request complete
--> GET /dashboard/listings/4/edit
<-- Request complete
{"timestamp":"2026-09-09T22:12:26.895475Z","level":"INFO","fields":{"message":"shutdown signal received","signal":"SIGTERM"},"target":"suprnova::signals"}
{"timestamp":"2026-09-09T22:12:26.895635Z","level":"INFO","fields":{"message":"draining in-flight connections (max 10s)","in_flight":3},"target":"suprnova::server"}
{"timestamp":"2026-09-09T22:12:32.915396Z","level":"WARN","fields":{"message":"booting production with a mail driver that discards messages - outgoing mail, including password resets, will NOT be delivered","driver":"log","override_env":"MAIL_ALLOW_NON_DELIVERING_IN_PRODUCTION"},"target":"suprnova::mail::boot"}
{"timestamp":"2026-09-09T22:12:32.915490Z","level":"INFO","fields":{"message":"suprnova server listening","addr":"127.0.0.1:37011"},"target":"suprnova::server"}
--> GET /dashboard/listings/4/edit
<-- Request complete
--> GET /assets/assets/main-MY-BDmpD.css
--> GET /assets/assets/main-B2ALwM8w.js
<-- Request complete
<-- Request complete
--> GET /dashboard/listings/media/d8ec58a5-2687-4a97-b6a6-252d8e188f3b
<-- Request complete
--> POST /dashboard/listings/4/submit
<-- Request complete
--> GET /dashboard/listings/4/edit
<-- Request complete
--> GET /login
<-- Request complete
--> GET /assets/assets/main-MY-BDmpD.css
--> GET /assets/assets/main-B2ALwM8w.js
<-- Request complete
<-- Request complete
--> POST /login
<-- Request complete
--> GET /dashboard
<-- Request complete
--> GET /admin/listings
<-- Request complete
--> GET /assets/assets/main-MY-BDmpD.css
--> GET /assets/assets/main-B2ALwM8w.js
<-- Request complete
<-- Request complete
--> GET /admin/listings/4
<-- Request complete
--> GET /dashboard/listings/media/d8ec58a5-2687-4a97-b6a6-252d8e188f3b
<-- Request complete
--> POST /admin/listings/4/decision
<-- Request complete
--> GET /admin/listings/4
<-- Request complete
--> GET /dashboard/listings/4/edit
<-- Request complete
--> GET /assets/assets/main-MY-BDmpD.css
--> GET /assets/assets/main-B2ALwM8w.js
<-- Request complete
<-- Request complete
--> GET /dashboard/listings/media/d8ec58a5-2687-4a97-b6a6-252d8e188f3b
<-- Request complete

node:internal/modules/run_main:105
    triggerUncaughtException(
    ^

ExpectError: expect(locator).toBeVisible() failed

Locator: getByText('Please clarify the resource title.')
Expected: visible
Error: strict mode violation: getByText('Please clarify the resource title.') resolved to 2 elements:
    1) <p class="notice">…</p> aka getByText('Review feedback: Please')
    2) <p data-v-bdff2434="">Your submitted revision needs changes before appr…</p> aka getByText('Your submitted revision needs')

Call log:
  - Expect "toBeVisible" getByText('Please clarify the resource title.') with timeout 5000ms
  - waiting for getByText('Please clarify the resource title.')

    at captureRawStack (/home/shawn/workspace2/scratchpads/directory-paid-94mjnq/frontend/node_modules/playwright-core/lib/coreBundle.js:8588:17)
    at callMatcherAsStep (/home/shawn/workspace2/scratchpads/directory-paid-94mjnq/frontend/node_modules/playwright/lib/matchers/expect.js:13310:57)
    at Object.toBeVisible (/home/shawn/workspace2/scratchpads/directory-paid-94mjnq/frontend/node_modules/playwright/lib/matchers/expect.js:13302:23)
    at /home/shawn/workspace2/scratchpads/directory-paid-94mjnq/frontend/tests/directory-workflows.mjs:92:89 {
  matcherResult: {
    message: 'expect(locator).toBeVisible() failed\n' +
      '\n' +
      "Locator: getByText('Please clarify the resource title.')\n" +
      'Expected: visible\n' +
      "Error: strict mode violation: getByText('Please clarify the resource title.') resolved to 2 elements:\n" +
      `    1) <p class="notice">…</p> aka getByText('Review feedback: Please')\n` +
      `    2) <p data-v-bdff2434="">Your submitted revision needs changes before appr…</p> aka getByText('Your submitted revision needs')\n` +
      '\n' +
      'Call log:\n' +
      `  - Expect "toBeVisible" getByText('Please clarify the resource title.') with timeout 5000ms\n` +
      "  - waiting for getByText('Please clarify the resource title.')\n",
    pass: false,
    actual: undefined,
    name: 'toBeVisible',
    expected: 'visible',
    log: [
      `  - Expect "toBeVisible" getByText('Please clarify the resource title.') with timeout 5000ms`,
      "  - waiting for getByText('Please clarify the resource title.')"
    ],
    timeout: undefined,
    ariaSnapshot: undefined
  }
}

Node.js v24.1.0
AssertionError [ERR_ASSERTION]: Verification command exited 1

1 !== 0

    at file:///home/shawn/workspace2/scratchpads/directory-paid-94mjnq/scripts/with-ssr.mjs:45:10
    at process.processTicksAndRejections (node:internal/process/task_queues:105:5)
Starting SSR server on port 44065...
Inertia SSR server started.

AssertionError [ERR_ASSERTION]: node exited 1 (signal none)

1 !== 0

    at run (file:///home/shawn/workspace2/suprnova-directory-starter/scripts/verify-paid-directory.mjs:27:10)
    at file:///home/shawn/workspace2/suprnova-directory-starter/scripts/verify-paid-directory.mjs:61:5
    at ModuleJob.run (node:internal/modules/esm/module_job:327:25)
    at async onImport.tracePromise.__proto__ (node:internal/modules/esm/loader:663:26)
    at async asyncRunEntryPointWithESMLoader (node:internal/modules/run_main:99:5)
cairn: DIR-001: fail
cairn: DIR-002: fail
cairn: DIR-003: fail
cairn: DIR-004: fail
cairn: DIR-005: fail
cairn: DIR-006: fail
cairn: DIR-007: fail
