
[build] cargo metadata --locked --no-deps --format-version 1
[build] command passed

[build] cargo build --locked --bins
   Compiling directory v0.1.0 (/tmp/directory-foundation-YmUPaB)
    Finished `dev` profile [unoptimized] target(s) in 4.86s
[build] command passed

[build] bun install --frozen-lockfile
bun install v1.4.1 (4661e494f)

+ @tailwindcss/forms@0.5.11
+ @tailwindcss/typography@0.5.20
+ @tailwindcss/vite@4.3.3
+ @types/node@24.13.3
+ @vitejs/plugin-vue@6.0.8
+ tailwindcss@4.3.3
+ typescript@6.0.3
+ vite@8.2.2
+ vue-tsc@3.3.11
+ @fluent/bundle@0.19.1
+ @inertiajs/vue3@3.7.0
+ vue@3.5.42

77 packages installed [529.00ms]
[build] command passed

[build] bun run build
$ vue-tsc --noEmit && vite build
vite v8.2.2 building client environment for production...
transforming...
✓ 584 modules transformed.

(!) outDir /tmp/directory-foundation-YmUPaB/public/assets is not inside project root and will not be emptied.
Use --emptyOutDir to override.

rendering chunks...
computing gzip size...
../public/assets/.vite/manifest.json         0.18 kB │ gzip:  0.13 kB
../public/assets/assets/main-BEeY2zm2.css   18.93 kB │ gzip:  4.31 kB
../public/assets/assets/main-BQA0Xd02.js   196.23 kB │ gzip: 65.45 kB

✓ built in 560ms
[build] command passed

[build] bun run build:ssr
$ vite build --ssr src/ssr.ts
vite v8.2.2 building ssr environment for production...
transforming...
✓ 17 modules transformed.
rendering chunks...
computing gzip size...
bootstrap/ssr/ssr.js  19.33 kB │ gzip: 3.78 kB

✓ built in 243ms
[build] command passed
cairn: FND-001: pass
