
[build] cargo metadata --locked --no-deps --format-version 1
[build] command passed

[build] cargo build --locked --bins
   Compiling directory v0.1.0 (/home/shawn/workspace2/scratchpads/directory-foundation-7dd76b)
    Finished `dev` profile [unoptimized] target(s) in 7.10s
[build] command passed

[build] bun install --frozen-lockfile
bun install v1.4.1 (4661e494f)

+ @playwright/test@1.63.0
+ @tailwindcss/forms@0.5.11
+ @tailwindcss/typography@0.5.20
+ @tailwindcss/vite@4.3.3
+ @types/node@24.13.3
+ @vitejs/plugin-vue@6.0.8
+ tailwindcss@4.3.3
+ typescript@6.0.3
+ vite@8.2.2
+ vue-tsc@3.3.11
+ @fluent/bundle@0.19.1
+ @inertiajs/vue3@3.7.0
+ @vuetify/v0@1.0.1
+ vue@3.5.42

81 packages installed [137.00ms]
[build] command passed

[build] bun run build
$ vue-tsc --noEmit && vite build
vite v8.2.2 building client environment for production...
transforming...
✓ 644 modules transformed.

(!) outDir /home/shawn/workspace2/scratchpads/directory-foundation-7dd76b/public/assets is not inside project root and will not be emptied.
Use --emptyOutDir to override.

rendering chunks...
computing gzip size...
../public/assets/.vite/manifest.json         0.18 kB │ gzip:  0.14 kB
../public/assets/assets/main-BXyic5WS.css   28.78 kB │ gzip:  5.98 kB
../public/assets/assets/main-CxF3r40Z.js   284.11 kB │ gzip: 96.14 kB

✓ built in 1.06s
[build] command passed

[build] bun run build:ssr
$ vite build --ssr src/ssr.ts
vite v8.2.2 building ssr environment for production...
transforming...
✓ 33 modules transformed.
rendering chunks...
computing gzip size...
bootstrap/ssr/ssr.js  57.02 kB │ gzip: 9.41 kB

✓ built in 233ms
[build] command passed
cairn: FND-001: pass
