
[build] cargo metadata --locked --no-deps --format-version 1
[build] command passed

[build] cargo build --locked --bins
   Compiling directory v0.1.0 (/home/shawn/workspace2/scratchpads/directory-foundation-I0o4BF)
    Finished `dev` profile [unoptimized] target(s) in 20.47s
[build] command passed

[build] bun install --frozen-lockfile
bun install v1.4.1 (4661e494f)

+ @playwright/test@1.63.0
+ @tailwindcss/forms@0.5.11
+ @tailwindcss/typography@0.5.20
+ @tailwindcss/vite@4.3.3
+ @types/node@24.13.3
+ @vitejs/plugin-vue@6.0.8
+ tailwindcss@4.3.3
+ typescript@6.0.3
+ vite@8.2.2
+ vue-tsc@3.3.11
+ @fluent/bundle@0.19.1
+ @inertiajs/vue3@3.7.0
+ @vuetify/v0@1.0.1
+ vue@3.5.42

81 packages installed [775.00ms]
[build] command passed

[build] bun run build
$ vue-tsc --noEmit && vite build
vite v8.2.2 building client environment for production...
transforming...
✓ 683 modules transformed.

(!) outDir /home/shawn/workspace2/scratchpads/directory-foundation-I0o4BF/public/assets is not inside project root and will not be emptied.
Use --emptyOutDir to override.

rendering chunks...
computing gzip size...
../public/assets/.vite/manifest.json         0.18 kB │ gzip:   0.13 kB
../public/assets/assets/main--veh0MIi.css   58.24 kB │ gzip:  10.01 kB
../public/assets/assets/main-CXYhcMJv.js   371.27 kB │ gzip: 118.41 kB

✓ built in 654ms
[build] command passed

[build] bun run build:ssr
$ vite build --ssr src/ssr.ts
vite v8.2.2 building ssr environment for production...
transforming...
✓ 70 modules transformed.
rendering chunks...
computing gzip size...
bootstrap/ssr/ssr.js  179.22 kB │ gzip: 29.85 kB

✓ built in 375ms
[build] command passed
cairn: FND-001: pass
