
[build] cargo metadata --locked --no-deps --format-version 1
[build] command passed

[build] cargo build --locked --bins
   Compiling directory v0.1.0 (/tmp/directory-foundation-dP2JO5)
    Finished `dev` profile [unoptimized] target(s) in 5.66s
[build] command passed

[build] bun install --frozen-lockfile
bun install v1.4.1 (4661e494f)

+ @playwright/test@1.63.0
+ @tailwindcss/forms@0.5.11
+ @tailwindcss/typography@0.5.20
+ @tailwindcss/vite@4.3.3
+ @types/node@24.13.3
+ @vitejs/plugin-vue@6.0.8
+ tailwindcss@4.3.3
+ typescript@6.0.3
+ vite@8.2.2
+ vue-tsc@3.3.11
+ @fluent/bundle@0.19.1
+ @inertiajs/vue3@3.7.0
+ @vuetify/v0@1.0.1
+ vue@3.5.42

81 packages installed [110.00ms]
[build] command passed

[build] bun run build
$ vue-tsc --noEmit && vite build
vite v8.2.2 building client environment for production...
transforming...
✓ 640 modules transformed.

(!) outDir /tmp/directory-foundation-dP2JO5/public/assets is not inside project root and will not be emptied.
Use --emptyOutDir to override.

rendering chunks...
computing gzip size...
../public/assets/.vite/manifest.json         0.18 kB │ gzip:  0.14 kB
../public/assets/assets/main-BlTE07Q2.css   25.52 kB │ gzip:  5.44 kB
../public/assets/assets/main-CiynREi0.js   273.24 kB │ gzip: 92.96 kB

✓ built in 1.98s
[build] command passed

[build] bun run build:ssr
$ vite build --ssr src/ssr.ts
vite v8.2.2 building ssr environment for production...
transforming...
✓ 29 modules transformed.
rendering chunks...
computing gzip size...
bootstrap/ssr/ssr.js  41.15 kB │ gzip: 6.35 kB

✓ built in 116ms
[build] command passed
cairn: FND-001: pass
