[editorial] cargo fmt --check
[editorial] cargo build --locked --bins
   Compiling directory v1.0.0 (/home/shawn/workspace2/scratchpads/directory-complete-paqwbK)
    Finished `dev` profile [unoptimized] target(s) in 17.26s
[editorial] bun install --frozen-lockfile --cwd frontend
bun install v1.4.1 (4661e494f)

+ @playwright/test@1.63.0
+ @tailwindcss/forms@0.5.11
+ @tailwindcss/typography@0.5.20
+ @tailwindcss/vite@4.3.3
+ @types/node@24.13.3
+ @vitejs/plugin-vue@6.0.8
+ tailwindcss@4.3.3
+ typescript@6.0.3
+ vite@8.2.2
+ vue-tsc@3.3.11
+ @fluent/bundle@0.19.1
+ @inertiajs/vue3@3.7.0
+ @vuetify/v0@1.0.1
+ vue@3.5.42

81 packages installed [132.00ms]
[editorial] bun run --cwd frontend build
$ vue-tsc --noEmit && vite build
vite v8.2.2 building client environment for production...
transforming...
✓ 706 modules transformed.

(!) outDir /home/shawn/workspace2/scratchpads/directory-complete-paqwbK/public/assets is not inside project root and will not be emptied.
Use --emptyOutDir to override.

rendering chunks...
computing gzip size...
../public/assets/.vite/manifest.json         0.18 kB │ gzip:   0.14 kB
../public/assets/assets/main-CV_P36Z-.css   63.62 kB │ gzip:  10.85 kB
../public/assets/assets/main-BCXZYtW9.js   413.10 kB │ gzip: 129.92 kB

✓ built in 512ms
[editorial] bun run --cwd frontend build:ssr
$ vite build --ssr src/ssr.ts
vite v8.2.2 building ssr environment for production...
transforming...
✓ 91 modules transformed.
rendering chunks...
computing gzip size...
bootstrap/ssr/ssr.js  233.52 kB │ gzip: 38.32 kB

✓ built in 257ms
[editorial] node scripts/with-ssr.mjs cargo test --locked --test editorial_workflows -- --nocapture
   Compiling directory v1.0.0 (/home/shawn/workspace2/scratchpads/directory-complete-paqwbK)
    Finished `test` profile [unoptimized] target(s) in 2.16s
     Running tests/editorial_workflows.rs (/home/shawn/workspace2/suprnova-directory-starter/target/debug/deps/editorial_workflows-65fb4729eefaec3d)

running 1 test
--> GET /login
<-- Request complete
--> POST /login
<-- Request complete
--> GET /login
<-- Request complete
--> POST /login
<-- Request complete
--> GET /login
<-- Request complete
--> POST /login
<-- Request complete
--> GET /login
<-- Request complete
--> POST /login
<-- Request complete
--> GET /login
<-- Request complete
--> POST /login
<-- Request complete
--> GET /admin/articles
<-- Request complete
--> GET /admin/articles
<-- Request complete
--> GET /admin/articles
<-- Request complete
--> GET /admin/articles/create
<-- Request complete
--> GET /admin/taxonomy
<-- Request complete
--> GET /admin/articles/create
<-- Request complete
--> GET /admin/taxonomy
<-- Request complete
--> POST /admin/articles
<-- Request complete
--> POST /admin/articles
<-- Request complete
--> POST /admin/taxonomy/category
<-- Request complete
--> POST /admin/taxonomy/tag
<-- Request complete
--> POST /admin/taxonomy/tag
<-- Request complete
--> POST /admin/articles/media
<-- Request complete
--> POST /admin/articles/media
<-- Request complete
--> POST /admin/articles/media
<-- Request complete
--> POST /admin/articles/media
<-- Request complete
--> POST /admin/articles/media
<-- Request complete
--> POST /admin/articles
<-- Request complete
--> POST /admin/articles
<-- Request complete
--> GET /articles/public-proof
<-- Request complete
--> GET /media/articles/public-proof/a6b937ab-e095-402f-acc5-c5ffb16e50ae
<-- Request complete
--> GET /admin/articles/media/a6b937ab-e095-402f-acc5-c5ffb16e50ae
<-- Request complete
--> GET /dashboard/listings/media/a6b937ab-e095-402f-acc5-c5ffb16e50ae
<-- Request complete
--> GET /admin/articles/1/preview
<-- Request complete
--> GET /admin/articles/1/preview
<-- Request complete
--> POST /admin/articles/1/publish
<-- Request complete
--> POST /admin/articles/1
<-- Request complete
--> POST /admin/articles/1
<-- Request complete
--> POST /admin/articles/1/publish
<-- Request complete
--> GET /articles/public-proof
<-- Request complete
--> GET /articles/public-proof
<-- Request complete
--> GET /media/articles/public-proof/a6b937ab-e095-402f-acc5-c5ffb16e50ae
<-- Request complete
--> GET /articles
<-- Request complete
--> GET /articles
<-- Request complete
--> GET /articles
<-- Request complete
--> GET /articles
<-- Request complete
--> GET /articles
<-- Request complete
--> POST /admin/articles/1
<-- Request complete
--> GET /articles/public-proof
<-- Request complete
--> GET /articles/revised-proof
<-- Request complete
--> GET /media/articles/public-proof/83e8f819-516a-4441-8fc7-4247dfb61d97
<-- Request complete
--> GET /admin/articles/1/preview
<-- Request complete
--> POST /admin/articles/1
<-- Request complete
--> POST /admin/articles/1
--> POST /admin/articles/1
<-- Request complete
<-- Request complete
--> POST /admin/articles/1/publish
<-- Request complete
--> POST /admin/articles/1/publish
<-- Request complete
--> GET /articles/public-proof
<-- Request complete
--> GET /articles/revised-proof
<-- Request complete
--> POST /admin/articles/2
<-- Request complete
--> POST /admin/taxonomy/category/1/remove
<-- Request complete
--> POST /admin/taxonomy/tag/1
<-- Request complete
--> POST /admin/taxonomy/category/1
<-- Request complete
--> GET /articles/revised-proof
<-- Request complete
--> POST /admin/taxonomy/category/1
<-- Request complete
--> POST /admin/taxonomy/category/1
<-- Request complete
--> GET /articles/revised-proof
<-- Request complete
--> GET /articles
<-- Request complete
--> POST /admin/articles/1/unpublish
<-- Request complete
--> GET /articles/public-proof
<-- Request complete
--> GET /articles/revised-proof
<-- Request complete
--> GET /articles/hidden-proof
<-- Request complete
--> GET /feed.xml
<-- Request complete
--> GET /sitemap.xml
<-- Request complete
--> GET /sitemaps/pages/1.xml
<-- Request complete
--> GET /feed.xml
<-- Request complete
--> GET /sitemap.xml
<-- Request complete
--> GET /sitemaps/articles/1.xml
<-- Request complete
--> GET /sitemaps/articles/2.xml
<-- Request complete
--> GET /sitemaps/pages/1.xml
<-- Request complete
--> GET /sitemap.xml
<-- Request complete
--> GET /sitemaps/listings/1.xml
<-- Request complete
--> GET /sitemaps/articles/1.xml
<-- Request complete
--> GET /sitemaps/articles/2.xml
<-- Request complete
--> GET /sitemaps/pages/1.xml
<-- Request complete
--> GET /listings/sitemap-listing-0-9b671ab53bbd4aa08d707016538c9e6e
<-- Request complete
--> GET /listings/sitemap-listing-0-9b671ab53bbd4aa08d707016538c9e6e
<-- Request complete
--> GET /robots.txt
<-- Request complete
--> GET /sitemaps/articles/0.xml
<-- Request complete
--> GET /sitemaps/articles/999.xml
<-- Request complete
Editorial HTTP, publication, taxonomy, initial HTML, XML and private media contracts passed.
test editorial_workflows_contract ... ok

test result: ok. 1 passed; 0 failed; 0 ignored; 0 measured; 0 filtered out; finished in 6.24s

[editorial] node scripts/with-ssr.mjs node frontend/tests/editorial-workflows.mjs
Editorial authoring/upload/preview/publication, initial HTML without JavaScript, safe Markdown, taxonomy protection, stale edits, slug redirects, feeds, pagination, keyboard and mobile journeys passed.
cairn: CNT-001: pass
cairn: CNT-002: pass
cairn: CNT-003: pass
cairn: CNT-004: pass
cairn: CNT-005: pass
cairn: CNT-006: pass
